 challenge_dyna_0001.out
************************************************************************
**                                                                    **
**                                                                    **
**                         OpenRadioss Engine                         **
**                                                                    **
**            Non-linear Finite Element Analysis Software             **
**                                                                    **
**                                                                    **
**                                                                    **
**                  Windows 64 bits, Intel compiler                   **
**                      Double Precision Version                      **
**                                                                    **
**                                                                    **
**                                                                    **
************************************************************************
** OpenRadioss Software                                               **
** COPYRIGHT (C) 1986-2026 Altair Engineering, Inc.                   **
** Licensed under GNU Affero General Public License.                  **
** See License file.                                                  **
************************************************************************
 
 NUMBER OF SPMD DOMAINS           1
 NUMBER OF THREADS PER DOMAIN     1
 NUMBER OF HMPP PROCESSES         1
  
 COMPUTATION HARDWARE DESCRIPTION
  
 HOSTNAME     CPU TYPE, FREQUENCY AND MEMORY
 DESKTOP-WHL   11th Gen Intel(R) Core(TM) i7-11700 @ 2.50GHz (x86_64), 2500 MHz,  13370 MB RAM,  59279 MB swap
  
 STACKSIZE  . . . . . . . . . . . . . . . . . . . . 1430 MB
 THREAD STACKSIZE . . . . . . . . . . . . . . . . . 250 MB
 
************************************************************************


 challenge_dynaD01                                                               


 FINAL TIME . . . . . . . . . . . . . . . . . . .  0.1000000E-01

 TIME INTERVAL FOR TIME HISTORY PLOTS . . . . . .  0.1000000E+31

 TIME STEP SCALE FACTOR . . . . . . . . . . . . .  0.9000000    

 MINIMUM TIME STEP  . . . . . . . . . . . . . . .   0.000000    


 BRICK TIME STEP SCALE FACTOR . . . . . . . . . .  0.9000000    
 BRICK MINIMUM TIME STEP. . . . . . . . . . . . .   0.000000    
 MIN. TIME STEP FLAG (1:STOP RUN, 2:DELETE BRICK)     1

 QUAD TIME STEP SCALE FACTOR. . . . . . . . . . .  0.9000000    
 QUAD MINIMUM TIME STEP . . . . . . . . . . . . .   0.000000    
 MIN. TIME STEP FLAG (1:STOP RUN, 2:DELETE QUAD).     1

 SHELL TIME STEP SCALE FACTOR . . . . . . . . . .  0.9000000    
 SHELL MINIMUM TIME STEP. . . . . . . . . . . . .   0.000000    
 MIN. TIME FLAG (1:STOP, 2:DELETE, 3:SMALL STRAIN)    2

 TRUSS TIME STEP SCALE FACTOR . . . . . . . . . .  0.9000000    
 TRUSS MINIMUM TIME STEP. . . . . . . . . . . . .   0.000000    
 MIN. TIME FLAG (1:STOP, 2:DELETE). . . . . . . .     0

 BEAM TIME STEP SCALE FACTOR. . . . . . . . . . .  0.9000000    
 BEAM MINIMUM TIME STEP . . . . . . . . . . . . .   0.000000    
 MIN. TIME FLAG (1:STOP, 2:DELETE). . . . . . . .     0

 SPRING TIME STEP SCALE FACTOR. . . . . . . . . .  0.9000000    
 SPRING MINIMUM TIME STEP . . . . . . . . . . . .   0.000000    
 MIN. TIME FLAG (1:STOP, 2:DELETE). . . . . . . .     0

 AIRBAG TIME STEP SCALE FACTOR. . . . . . . . . .  0.9000000    
 AIRBAG MINIMUM TIME STEP . . . . . . . . . . . .   0.000000    
 MIN. TIME FLAG (1:STOP). . . . . . . . . . . . .     0

 CONTACT TIME STEP SCALE FACTOR . . . . . . . . .  0.9000000    
 CONTACT MINIMUM TIME STEP. . . . . . . . . . . .   0.000000    
 MIN. TIME FLAG(1:STOP, 2:REMOVE NODE FROM INTERF)    0

 PRINTOUT CYCLE FREQUENCY . . . . . . . . . . . .  -100

 RESTART CYCLE FREQUENCY. . . . . . . . . . . . .   10000000

 MAXIMUM RESTART WRITE BEFORE OVERWRITE . . . . .     0

 INVERS: INPUT DECK VERSION . . . . . . . . . . .   101
 ITTYP : FLAG FOR TYPE OF T-FILE. . . . . . . . .     4

 INITIAL TIME STEP. . . . . . . . . . . . . . . .   0.000000    
 MAXIMUM TIME STEP. . . . . . . . . . . . . . . .  0.1000000E+21

 PARALLEL ARITHMETIC OFF
 NUMBER OF INTERFACES TO BE ELIMINATED. . . . . .        0

 NUMBER OF PARTS TO BE ELIMINATED . . . . . . . .        0

 NUMBER OF SOLID  ELEMENT BLOCKS TO BE ELIMINATED        0

 NUMBER OF QUAD   ELEMENT BLOCKS TO BE ELIMINATED        0

 NUMBER OF SHELL  ELEMENT BLOCKS TO BE ELIMINATED        0

 NUMBER OF TRUSS  ELEMENT BLOCKS TO BE ELIMINATED        0

 NUMBER OF BEAM   ELEMENT BLOCKS TO BE ELIMINATED        0

 NUMBER OF SPRING ELEMENT BLOCKS TO BE ELIMINATED        0

 NUMBER OF SH_3N  ELEMENT BLOCKS TO BE ELIMINATED        0

 NUMBER OF  SPH PARTICLES BLOCKS TO BE ELIMINATED        0

 NUMBER OF RIGID LINKS. . . . . . . . . . . . . .        0

 NUMBER OF NEW BOUNDARY CONDITIONS. . . . . . . .        0


 TIME FOR FIRST ANIMATION-FILE PLOT . . . . . . .   0.000000    
 TIME INTERVAL FOR ANIMATION-FILE PLOTS . . . . .  0.1000000E-02
 TIME TO STOP ANIMATION-FILE PLOTS. . . . . . . .  0.1000000E+21
 SENSOR FOR ANIMATION-FILE PLOTS. . . . . . . . .          0
 TIME INTERVAL FOR SENSOR ANIMATION-FILE PLOTS. .   0.000000    

 VARIABLE SAVED ON ANIMATION FILES (1: YES) :
      PLASTIC STRAIN. . . . . .     1
      DENSITY     (SOLID ONLY).     0
      SPECIFIC ENERGY . . . . .     1
      HOURGLASS ENERGY. . . . .     0
      TEMPERATURE (SOLID ONLY).     0
      THICKNESS   (SHELL ONLY).     0
      PRESSURE    (SOLID ONLY).     0
      VON MISES . . . . . . . .     0
      TURBULENT ENERGY (FLUID).     0
      TURBULENT VISCOSITY(FLUID)    0
      VORTICITY (FLUID) . . . .     0
 NODAL VALUES SAVED ON ANIMATION FILES (1: YES) :
      PRESSURE. . . . . . . . .     0
      DENSITY . . . . . . . . .     0
      TEMPERATURE . . . . . . .     0
 VECTOR SAVED ON ANIMATION FILES (1: YES) :
      VELOCITY VECTOR . . . . .     1
      DISPLACEMENT VECTOR . . .     1
      ACCELERATION VECTOR . . .     1
      CONTACT FORCES. . . . . .     0
      INTERNAL FORCES . . . . .     0
      EXTERNAL FORCES . . . . .     0
      SECTION RBY RWALL FORCES.     0
      ROTATIONAL VELOCITY VECTOR    0
      CONTACT PRESSURE (VECTORS)    0
 SHELL TENSOR SAVED ON ANIMATION FILES (1: YES) :
      MEMBRANE STRESS . . . . .     0
      BENDING STRESS(MOMENT/T^2)    0
      UPPER LAYER STRESS. . . .     0
      LOWER LAYER STRESS. . . .     0
      MEMBRANE STRAIN . . . . .     0
      CURVATURE . . . . . . . .     0
      UPPER LAYER STRAIN. . . .     0
      LOWER LAYER STRAIN. . . .     0
 NODAL MASS SAVED ON ANIMATION FILES (1: YES) :    0
 KEEP DELETED ELEMENT (1: YES) :    0


 
 CHECKSUM DIGESTS
 ----------------
 
 
 18/04/2026
   CYCLE    TIME      TIME-STEP  ELEMENT          ERROR  I-ENERGY    K-ENERGY T  K-ENERGY R  EXT-WORK     MAS.ERR     TOTAL MASS  MASS ADDED
       0   0.000      0.4378E-06 SHELL         95   0.0%   0.000       0.000       0.000       0.000       0.000      0.1591E-03   0.000    
     ANIMATION FILE: challenge_dynaA001 WRITTEN
     100  0.4378E-04  0.4378E-06 SHELL        103  -0.0%  0.6853E-14  0.3542E-12  0.2828E-13  0.3894E-12   0.000      0.1591E-03   0.000    
     200  0.8757E-04  0.4378E-06 SHELL        103  -0.0%  0.2387E-12  0.5672E-11  0.3954E-12  0.6307E-11   0.000      0.1591E-03   0.000    
     300  0.1313E-03  0.4378E-06 SHELL        115  -0.0%  0.2028E-11  0.2931E-10  0.1709E-11  0.3305E-10   0.000      0.1591E-03   0.000    
     400  0.1751E-03  0.4378E-06 SHELL        115  -0.0%  0.8841E-11  0.9504E-10  0.4770E-11  0.1087E-09   0.000      0.1591E-03   0.000    
     500  0.2189E-03  0.4378E-06 SHELL        103  -0.0%  0.2793E-10  0.2373E-09  0.1058E-10  0.2758E-09   0.000      0.1591E-03   0.000    
     600  0.2627E-03  0.4378E-06 SHELL        103  -0.0%  0.7353E-10  0.5003E-09  0.1983E-10  0.5937E-09   0.000      0.1591E-03   0.000    
     700  0.3065E-03  0.4378E-06 SHELL        103  -0.0%  0.1688E-09  0.9412E-09  0.3264E-10  0.1143E-08   0.000      0.1591E-03   0.000    
     800  0.3503E-03  0.4378E-06 SHELL        103  -0.0%  0.3446E-09  0.1638E-08  0.4856E-10  0.2031E-08   0.000      0.1591E-03   0.000    
     900  0.3940E-03  0.4378E-06 SHELL        103  -0.0%  0.6368E-09  0.2697E-08  0.6638E-10  0.3400E-08   0.000      0.1591E-03   0.000    
    1000  0.4378E-03  0.4378E-06 SHELL        103  -0.0%  0.1082E-08  0.4257E-08  0.8438E-10  0.5424E-08   0.000      0.1591E-03   0.000    
    1100  0.4816E-03  0.4378E-06 SHELL        115  -0.0%  0.1711E-08  0.6489E-08  0.1007E-09  0.8300E-08   0.000      0.1591E-03   0.000    
    1200  0.5254E-03  0.4378E-06 SHELL        115  -0.0%  0.2547E-08  0.9592E-08  0.1135E-09  0.1225E-07   0.000      0.1591E-03   0.000    
    1300  0.5692E-03  0.4378E-06 SHELL        115  -0.0%  0.3601E-08  0.1381E-07  0.1211E-09  0.1753E-07   0.000      0.1591E-03   0.000    
    1400  0.6130E-03  0.4378E-06 SHELL        103  -0.0%  0.4864E-08  0.1942E-07  0.1227E-09  0.2441E-07   0.000      0.1591E-03   0.000    
    1500  0.6567E-03  0.4378E-06 SHELL        103  -0.0%  0.6309E-08  0.2677E-07  0.1179E-09  0.3319E-07   0.000      0.1591E-03   0.000    
    1600  0.7005E-03  0.4378E-06 SHELL        103  -0.0%  0.7887E-08  0.3622E-07  0.1074E-09  0.4421E-07   0.000      0.1591E-03   0.000    
    1700  0.7443E-03  0.4378E-06 SHELL        103  -0.0%  0.9531E-08  0.4815E-07  0.9244E-10  0.5777E-07   0.000      0.1591E-03   0.000    
    1800  0.7881E-03  0.4378E-06 SHELL        103  -0.0%  0.1117E-07  0.6292E-07  0.7495E-10  0.7416E-07   0.000      0.1591E-03   0.000    
    1900  0.8319E-03  0.4378E-06 SHELL        103  -0.0%  0.1273E-07  0.8087E-07  0.5680E-10  0.9365E-07   0.000      0.1591E-03   0.000    
    2000  0.8757E-03  0.4378E-06 SHELL        115  -0.0%  0.1414E-07  0.1023E-06  0.3989E-10  0.1165E-06   0.000      0.1591E-03   0.000    
    2100  0.9194E-03  0.4378E-06 SHELL        103  -0.0%  0.1536E-07  0.1277E-06  0.2562E-10  0.1430E-06   0.000      0.1591E-03   0.000    
    2200  0.9632E-03  0.4378E-06 SHELL        115  -0.0%  0.1635E-07  0.1571E-06  0.1464E-10  0.1735E-06   0.000      0.1591E-03   0.000    
     ANIMATION FILE: challenge_dynaA002 WRITTEN
    2300  0.1007E-02  0.4378E-06 SHELL        103  -0.0%  0.1709E-07  0.1910E-06  0.7134E-11  0.2081E-06   0.000      0.1591E-03   0.000    
    2400  0.1051E-02  0.4378E-06 SHELL        115  -0.0%  0.1759E-07  0.2295E-06  0.2779E-11  0.2471E-06   0.000      0.1591E-03   0.000    
    2500  0.1095E-02  0.4378E-06 SHELL        103  -0.0%  0.1788E-07  0.2727E-06  0.7558E-12  0.2905E-06   0.000      0.1591E-03   0.000    
    2600  0.1138E-02  0.4378E-06 SHELL        103  -0.0%  0.1802E-07  0.3207E-06  0.1255E-12  0.3387E-06   0.000      0.1591E-03   0.000    
    2700  0.1182E-02  0.4378E-06 SHELL        103  -0.0%  0.1806E-07  0.3739E-06  0.1010E-12  0.3919E-06   0.000      0.1591E-03   0.000    
    2800  0.1226E-02  0.4378E-06 SHELL        103  -0.0%  0.1807E-07  0.4324E-06  0.1152E-12  0.4505E-06   0.000      0.1591E-03   0.000    
    2900  0.1270E-02  0.4378E-06 SHELL        103  -0.0%  0.1812E-07  0.4965E-06  0.1490E-12  0.5147E-06   0.000      0.1591E-03   0.000    
    3000  0.1313E-02  0.4378E-06 SHELL        103  -0.0%  0.1826E-07  0.5666E-06  0.7911E-12  0.5849E-06   0.000      0.1591E-03   0.000    
    3100  0.1357E-02  0.4378E-06 SHELL        103  -0.0%  0.1857E-07  0.6430E-06  0.2863E-11  0.6616E-06   0.000      0.1591E-03   0.000    
    3200  0.1401E-02  0.4378E-06 SHELL        103  -0.0%  0.1909E-07  0.7261E-06  0.7280E-11  0.7452E-06   0.000      0.1591E-03   0.000    
    3300  0.1445E-02  0.4378E-06 SHELL        103  -0.0%  0.1990E-07  0.8166E-06  0.1488E-10  0.8365E-06   0.000      0.1591E-03   0.000    
    3400  0.1489E-02  0.4378E-06 SHELL        115  -0.0%  0.2103E-07  0.9153E-06  0.2600E-10  0.9363E-06   0.000      0.1591E-03   0.000    
    3500  0.1532E-02  0.4378E-06 SHELL        115  -0.0%  0.2252E-07  0.1023E-05  0.4036E-10  0.1046E-05   0.000      0.1591E-03   0.000    
    3600  0.1576E-02  0.4378E-06 SHELL        103  -0.0%  0.2440E-07  0.1140E-05  0.5729E-10  0.1165E-05   0.000      0.1591E-03   0.000    
    3700  0.1620E-02  0.4378E-06 SHELL         95  -0.0%  0.2669E-07  0.1269E-05  0.7543E-10  0.1295E-05   0.000      0.1591E-03   0.000    
    3800  0.1664E-02  0.4378E-06 SHELL         95  -0.0%  0.2939E-07  0.1409E-05  0.9289E-10  0.1438E-05   0.000      0.1591E-03   0.000    
    3900  0.1708E-02  0.4378E-06 SHELL         95  -0.0%  0.3250E-07  0.1561E-05  0.1078E-09  0.1594E-05   0.000      0.1591E-03   0.000    
    4000  0.1751E-02  0.4378E-06 SHELL        123  -0.0%  0.3597E-07  0.1728E-05  0.1181E-09  0.1764E-05   0.000      0.1591E-03   0.000    
    4100  0.1795E-02  0.4378E-06 SHELL         95  -0.0%  0.3974E-07  0.1910E-05  0.1227E-09  0.1949E-05   0.000      0.1591E-03   0.000    
    4200  0.1839E-02  0.4378E-06 SHELL         95  -0.0%  0.4372E-07  0.2107E-05  0.1210E-09  0.2151E-05   0.000      0.1591E-03   0.000    
    4300  0.1883E-02  0.4378E-06 SHELL        103  -0.0%  0.4780E-07  0.2322E-05  0.1132E-09  0.2370E-05   0.000      0.1591E-03   0.000    
    4400  0.1926E-02  0.4378E-06 SHELL        103  -0.0%  0.5186E-07  0.2555E-05  0.1003E-09  0.2607E-05   0.000      0.1591E-03   0.000    
    4500  0.1970E-02  0.4378E-06 SHELL        115  -0.0%  0.5578E-07  0.2806E-05  0.8387E-10  0.2862E-05   0.000      0.1591E-03   0.000    
     ANIMATION FILE: challenge_dynaA003 WRITTEN
    4600  0.2014E-02  0.4378E-06 SHELL        115  -0.0%  0.5944E-07  0.3077E-05  0.6586E-10  0.3136E-05   0.000      0.1591E-03   0.000    
    4700  0.2058E-02  0.4378E-06 SHELL        103  -0.0%  0.6273E-07  0.3367E-05  0.4810E-10  0.3430E-05   0.000      0.1591E-03   0.000    
    4800  0.2102E-02  0.4378E-06 SHELL        103  -0.0%  0.6555E-07  0.3678E-05  0.3225E-10  0.3744E-05   0.000      0.1591E-03   0.000    
    4900  0.2145E-02  0.4378E-06 SHELL        115  -0.0%  0.6784E-07  0.4010E-05  0.1953E-10  0.4078E-05   0.000      0.1591E-03   0.000    
    5000  0.2189E-02  0.4378E-06 SHELL        115  -0.0%  0.6960E-07  0.4362E-05  0.1037E-10  0.4432E-05   0.000      0.1591E-03   0.000    
    5100  0.2233E-02  0.4378E-06 SHELL        103  -0.0%  0.7085E-07  0.4735E-05  0.4634E-11  0.4806E-05   0.000      0.1591E-03   0.000    
    5200  0.2277E-02  0.4378E-06 SHELL        115  -0.0%  0.7165E-07  0.5128E-05  0.1651E-11  0.5200E-05   0.000      0.1591E-03   0.000    
    5300  0.2320E-02  0.4378E-06 SHELL        115  -0.0%  0.7208E-07  0.5543E-05  0.3956E-12  0.5615E-05   0.000      0.1591E-03   0.000    
    5400  0.2364E-02  0.4378E-06 SHELL        103  -0.0%  0.7225E-07  0.5979E-05  0.3554E-13  0.6051E-05   0.000      0.1591E-03   0.000    
   CYCLE    TIME      TIME-STEP  ELEMENT          ERROR  I-ENERGY    K-ENERGY T  K-ENERGY R  EXT-WORK     MAS.ERR     TOTAL MASS  MASS ADDED
    5500  0.2408E-02  0.4378E-06 SHELL        103  -0.0%  0.7227E-07  0.6436E-05  0.9230E-15  0.6509E-05   0.000      0.1591E-03   0.000    
    5600  0.2452E-02  0.4378E-06 SHELL        103  -0.0%  0.7230E-07  0.6915E-05  0.2474E-13  0.6988E-05   0.000      0.1591E-03   0.000    
    5700  0.2496E-02  0.4378E-06 SHELL        115  -0.0%  0.7247E-07  0.7416E-05  0.3797E-12  0.7489E-05   0.000      0.1591E-03   0.000    
    5800  0.2539E-02  0.4378E-06 SHELL        103  -0.0%  0.7291E-07  0.7941E-05  0.1718E-11  0.8014E-05   0.000      0.1591E-03   0.000    
    5900  0.2583E-02  0.4378E-06 SHELL        115  -0.0%  0.7374E-07  0.8490E-05  0.4829E-11  0.8564E-05   0.000      0.1591E-03   0.000    
    6000  0.2627E-02  0.4378E-06 SHELL        115  -0.0%  0.7505E-07  0.9065E-05  0.1066E-10  0.9140E-05   0.000      0.1591E-03   0.000    
    6100  0.2671E-02  0.4378E-06 SHELL        103  -0.0%  0.7692E-07  0.9667E-05  0.1993E-10  0.9744E-05   0.000      0.1591E-03   0.000    
    6200  0.2715E-02  0.4378E-06 SHELL        115  -0.0%  0.7943E-07  0.1030E-04  0.3275E-10  0.1038E-04   0.000      0.1591E-03   0.000    
    6300  0.2758E-02  0.4378E-06 SHELL        103  -0.0%  0.8261E-07  0.1096E-04  0.4866E-10  0.1104E-04   0.000      0.1591E-03   0.000    
    6400  0.2802E-02  0.4378E-06 SHELL        115  -0.0%  0.8649E-07  0.1166E-04  0.6652E-10  0.1174E-04   0.000      0.1591E-03   0.000    
    6500  0.2846E-02  0.4378E-06 SHELL        115  -0.0%  0.9106E-07  0.1239E-04  0.8455E-10  0.1248E-04   0.000      0.1591E-03   0.000    
    6600  0.2890E-02  0.4378E-06 SHELL        115  -0.0%  0.9626E-07  0.1316E-04  0.1008E-09  0.1325E-04   0.000      0.1591E-03   0.000    
    6700  0.2933E-02  0.4378E-06 SHELL        103  -0.0%  0.1020E-06  0.1397E-04  0.1135E-09  0.1407E-04   0.000      0.1591E-03   0.000    
    6800  0.2977E-02  0.4378E-06 SHELL        115  -0.0%  0.1082E-06  0.1482E-04  0.1211E-09  0.1493E-04   0.000      0.1591E-03   0.000    
     ANIMATION FILE: challenge_dynaA004 WRITTEN
    6900  0.3021E-02  0.4378E-06 SHELL        103  -0.0%  0.1147E-06  0.1572E-04  0.1226E-09  0.1583E-04   0.000      0.1591E-03   0.000    
    7000  0.3065E-02  0.4378E-06 SHELL        103  -0.0%  0.1213E-06  0.1666E-04  0.1179E-09  0.1678E-04   0.000      0.1591E-03   0.000    
    7100  0.3109E-02  0.4378E-06 SHELL        103  -0.0%  0.1280E-06  0.1765E-04  0.1073E-09  0.1778E-04   0.000      0.1591E-03   0.000    
    7200  0.3152E-02  0.4378E-06 SHELL        103  -0.0%  0.1343E-06  0.1869E-04  0.9231E-10  0.1882E-04   0.000      0.1591E-03   0.000    
    7300  0.3196E-02  0.4378E-06 SHELL        103  -0.0%  0.1403E-06  0.1977E-04  0.7478E-10  0.1991E-04   0.000      0.1591E-03   0.000    
    7400  0.3240E-02  0.4378E-06 SHELL        115  -0.0%  0.1457E-06  0.2091E-04  0.5666E-10  0.2106E-04   0.000      0.1591E-03   0.000    
    7500  0.3284E-02  0.4378E-06 SHELL        115  -0.0%  0.1504E-06  0.2210E-04  0.3975E-10  0.2225E-04   0.000      0.1591E-03   0.000    
    7600  0.3327E-02  0.4378E-06 SHELL        103  -0.0%  0.1543E-06  0.2334E-04  0.2550E-10  0.2349E-04   0.000      0.1591E-03   0.000    
    7700  0.3371E-02  0.4378E-06 SHELL        103  -0.0%  0.1574E-06  0.2462E-04  0.1458E-10  0.2478E-04   0.000      0.1591E-03   0.000    
    7800  0.3415E-02  0.4378E-06 SHELL        115  -0.0%  0.1597E-06  0.2596E-04  0.7105E-11  0.2612E-04   0.000      0.1591E-03   0.000    
    7900  0.3459E-02  0.4378E-06 SHELL        103  -0.0%  0.1612E-06  0.2735E-04  0.2759E-11  0.2751E-04   0.000      0.1591E-03   0.000    
    8000  0.3503E-02  0.4378E-06 SHELL        103  -0.0%  0.1621E-06  0.2878E-04  0.7490E-12  0.2894E-04   0.000      0.1591E-03   0.000    
    8100  0.3546E-02  0.4378E-06 SHELL        103  -0.0%  0.1625E-06  0.3026E-04  0.1124E-12  0.3042E-04   0.000      0.1591E-03   0.000    
    8200  0.3590E-02  0.4378E-06 SHELL        115  -0.0%  0.1626E-06  0.3179E-04  0.8211E-13  0.3195E-04   0.000      0.1591E-03   0.000    
    8300  0.3634E-02  0.4378E-06 SHELL        103  -0.0%  0.1626E-06  0.3337E-04  0.1216E-12  0.3353E-04   0.000      0.1591E-03   0.000    
    8400  0.3678E-02  0.4378E-06 SHELL        115  -0.0%  0.1628E-06  0.3500E-04  0.1698E-12  0.3516E-04   0.000      0.1591E-03   0.000    
    8500  0.3722E-02  0.4378E-06 SHELL        103  -0.0%  0.1632E-06  0.3668E-04  0.8079E-12  0.3684E-04   0.000      0.1591E-03   0.000    
    8600  0.3765E-02  0.4378E-06 SHELL        103  -0.0%  0.1641E-06  0.3841E-04  0.2892E-11  0.3858E-04   0.000      0.1591E-03   0.000    
    8700  0.3809E-02  0.4378E-06 SHELL        115  -0.0%  0.1657E-06  0.4020E-04  0.7320E-11  0.4036E-04   0.000      0.1591E-03   0.000    
    8800  0.3853E-02  0.4378E-06 SHELL        103  -0.0%  0.1680E-06  0.4204E-04  0.1493E-10  0.4221E-04   0.000      0.1591E-03   0.000    
    8900  0.3897E-02  0.4378E-06 SHELL        103  -0.0%  0.1713E-06  0.4395E-04  0.2609E-10  0.4412E-04   0.000      0.1591E-03   0.000    
    9000  0.3940E-02  0.4378E-06 SHELL        103  -0.0%  0.1755E-06  0.4591E-04  0.4051E-10  0.4609E-04   0.000      0.1591E-03   0.000    
    9100  0.3984E-02  0.4378E-06 SHELL        115  -0.0%  0.1807E-06  0.4795E-04  0.5745E-10  0.4813E-04   0.000      0.1591E-03   0.000    
     ANIMATION FILE: challenge_dynaA005 WRITTEN
    9200  0.4028E-02  0.4378E-06 SHELL        115  -0.0%  0.1869E-06  0.5006E-04  0.7557E-10  0.5025E-04   0.000      0.1591E-03   0.000    
    9300  0.4072E-02  0.4378E-06 SHELL        103  -0.0%  0.1939E-06  0.5224E-04  0.9299E-10  0.5244E-04   0.000      0.1591E-03   0.000    
    9400  0.4116E-02  0.4378E-06 SHELL        103  -0.0%  0.2018E-06  0.5451E-04  0.1078E-09  0.5471E-04   0.000      0.1591E-03   0.000    
    9500  0.4159E-02  0.4378E-06 SHELL        103  -0.0%  0.2103E-06  0.5685E-04  0.1182E-09  0.5706E-04   0.000      0.1591E-03   0.000    
    9600  0.4203E-02  0.4378E-06 SHELL        103  -0.0%  0.2193E-06  0.5929E-04  0.1227E-09  0.5950E-04   0.000      0.1591E-03   0.000    
    9700  0.4247E-02  0.4378E-06 SHELL        115  -0.0%  0.2285E-06  0.6181E-04  0.1209E-09  0.6204E-04   0.000      0.1591E-03   0.000    
    9800  0.4291E-02  0.4378E-06 SHELL        103  -0.0%  0.2377E-06  0.6442E-04  0.1131E-09  0.6466E-04   0.000      0.1591E-03   0.000    
    9900  0.4334E-02  0.4378E-06 SHELL        115  -0.0%  0.2466E-06  0.6713E-04  0.1001E-09  0.6737E-04   0.000      0.1591E-03   0.000    
   10000  0.4378E-02  0.4378E-06 SHELL        115  -0.0%  0.2551E-06  0.6992E-04  0.8371E-10  0.7018E-04   0.000      0.1591E-03   0.000    
   10100  0.4422E-02  0.4378E-06 SHELL        103  -0.0%  0.2628E-06  0.7282E-04  0.6572E-10  0.7308E-04   0.000      0.1591E-03   0.000    
   10200  0.4466E-02  0.4378E-06 SHELL        115  -0.0%  0.2697E-06  0.7580E-04  0.4797E-10  0.7607E-04   0.000      0.1591E-03   0.000    
   10300  0.4510E-02  0.4378E-06 SHELL        115  -0.0%  0.2755E-06  0.7888E-04  0.3214E-10  0.7916E-04   0.000      0.1591E-03   0.000    
   10400  0.4553E-02  0.4378E-06 SHELL        103  -0.0%  0.2802E-06  0.8205E-04  0.1944E-10  0.8233E-04   0.000      0.1591E-03   0.000    
   10500  0.4597E-02  0.4378E-06 SHELL        103  -0.0%  0.2837E-06  0.8532E-04  0.1031E-10  0.8560E-04   0.000      0.1591E-03   0.000    
   10600  0.4641E-02  0.4378E-06 SHELL        103  -0.0%  0.2862E-06  0.8867E-04  0.4585E-11  0.8895E-04   0.000      0.1591E-03   0.000    
   10700  0.4685E-02  0.4378E-06 SHELL        103  -0.0%  0.2878E-06  0.9211E-04  0.1629E-11  0.9239E-04   0.000      0.1591E-03   0.000    
   10800  0.4729E-02  0.4378E-06 SHELL        103  -0.0%  0.2887E-06  0.9563E-04  0.4091E-12  0.9592E-04   0.000      0.1591E-03   0.000    
   10900  0.4772E-02  0.4378E-06 SHELL        115  -0.0%  0.2890E-06  0.9925E-04  0.4683E-13  0.9953E-04   0.000      0.1591E-03   0.000    
   CYCLE    TIME      TIME-STEP  ELEMENT          ERROR  I-ENERGY    K-ENERGY T  K-ENERGY R  EXT-WORK     MAS.ERR     TOTAL MASS  MASS ADDED
   11000  0.4816E-02  0.4378E-06 SHELL        115  -0.0%  0.2891E-06  0.1029E-03  0.1592E-14  0.1032E-03   0.000      0.1591E-03   0.000    
   11100  0.4860E-02  0.4378E-06 SHELL        103  -0.0%  0.2891E-06  0.1067E-03  0.2474E-13  0.1070E-03   0.000      0.1591E-03   0.000    
   11200  0.4904E-02  0.4378E-06 SHELL        103  -0.0%  0.2895E-06  0.1106E-03  0.3704E-12  0.1109E-03   0.000      0.1591E-03   0.000    
   11300  0.4947E-02  0.4378E-06 SHELL        115  -0.0%  0.2904E-06  0.1146E-03  0.1722E-11  0.1149E-03   0.000      0.1591E-03   0.000    
   11400  0.4991E-02  0.4378E-06 SHELL        103  -0.0%  0.2920E-06  0.1186E-03  0.4878E-11  0.1189E-03   0.000      0.1591E-03   0.000    
     ANIMATION FILE: challenge_dynaA006 WRITTEN
   11500  0.5035E-02  0.4378E-06 SHELL        115  -0.0%  0.2946E-06  0.1228E-03  0.1073E-10  0.1231E-03   0.000      0.1591E-03   0.000    
   11600  0.5079E-02  0.4378E-06 SHELL        115  -0.0%  0.2984E-06  0.1271E-03  0.2003E-10  0.1273E-03   0.000      0.1591E-03   0.000    
   11700  0.5123E-02  0.4378E-06 SHELL        115  -0.0%  0.3033E-06  0.1314E-03  0.3288E-10  0.1317E-03   0.000      0.1591E-03   0.000    
   11800  0.5166E-02  0.4378E-06 SHELL        115  -0.0%  0.3095E-06  0.1359E-03  0.4878E-10  0.1362E-03   0.000      0.1591E-03   0.000    
   11900  0.5210E-02  0.4378E-06 SHELL        115  -0.0%  0.3170E-06  0.1405E-03  0.6663E-10  0.1408E-03   0.000      0.1591E-03   0.000    
   12000  0.5254E-02  0.4378E-06 SHELL        115  -0.0%  0.3256E-06  0.1452E-03  0.8468E-10  0.1456E-03   0.000      0.1591E-03   0.000    
   12100  0.5298E-02  0.4378E-06 SHELL        103  -0.0%  0.3354E-06  0.1501E-03  0.1009E-09  0.1504E-03   0.000      0.1591E-03   0.000    
   12200  0.5341E-02  0.4378E-06 SHELL         95  -0.0%  0.3461E-06  0.1551E-03  0.1136E-09  0.1554E-03   0.000      0.1591E-03   0.000    
   12300  0.5385E-02  0.4378E-06 SHELL         95  -0.0%  0.3574E-06  0.1602E-03  0.1211E-09  0.1606E-03   0.000      0.1591E-03   0.000    
   12400  0.5429E-02  0.4378E-06 SHELL        103  -0.0%  0.3691E-06  0.1655E-03  0.1226E-09  0.1659E-03   0.000      0.1591E-03   0.000    
   12500  0.5473E-02  0.4378E-06 SHELL         95  -0.0%  0.3810E-06  0.1709E-03  0.1177E-09  0.1713E-03   0.000      0.1591E-03   0.000    
   12600  0.5517E-02  0.4378E-06 SHELL        123  -0.0%  0.3926E-06  0.1765E-03  0.1072E-09  0.1769E-03   0.000      0.1591E-03   0.000    
   12700  0.5560E-02  0.4378E-06 SHELL        123  -0.0%  0.4037E-06  0.1822E-03  0.9219E-10  0.1826E-03   0.000      0.1591E-03   0.000    
   12800  0.5604E-02  0.4378E-06 SHELL         95  -0.0%  0.4140E-06  0.1881E-03  0.7463E-10  0.1885E-03   0.000      0.1591E-03   0.000    
   12900  0.5648E-02  0.4378E-06 SHELL         95  -0.0%  0.4232E-06  0.1942E-03  0.5651E-10  0.1946E-03   0.000      0.1591E-03   0.000    
   13000  0.5692E-02  0.4378E-06 SHELL         95  -0.0%  0.4312E-06  0.2004E-03  0.3961E-10  0.2008E-03   0.000      0.1591E-03   0.000    
   13100  0.5736E-02  0.4378E-06 SHELL         95  -0.0%  0.4378E-06  0.2067E-03  0.2538E-10  0.2071E-03   0.000      0.1591E-03   0.000    
   13200  0.5779E-02  0.4378E-06 SHELL        103  -0.0%  0.4430E-06  0.2132E-03  0.1452E-10  0.2136E-03   0.000      0.1591E-03   0.000    
   13300  0.5823E-02  0.4378E-06 SHELL         95  -0.0%  0.4468E-06  0.2198E-03  0.7084E-11  0.2202E-03   0.000      0.1591E-03   0.000    
   13400  0.5867E-02  0.4378E-06 SHELL         95  -0.0%  0.4493E-06  0.2266E-03  0.2741E-11  0.2270E-03   0.000      0.1591E-03   0.000    
   13500  0.5911E-02  0.4378E-06 SHELL         95  -0.0%  0.4508E-06  0.2335E-03  0.7394E-12  0.2339E-03   0.000      0.1591E-03   0.000    
   13600  0.5954E-02  0.4378E-06 SHELL        123  -0.0%  0.4514E-06  0.2405E-03  0.1030E-12  0.2410E-03   0.000      0.1591E-03   0.000    
   13700  0.5998E-02  0.4378E-06 SHELL        103  -0.0%  0.4516E-06  0.2477E-03  0.6294E-13  0.2481E-03   0.000      0.1591E-03   0.000    
     ANIMATION FILE: challenge_dynaA007 WRITTEN
   13800  0.6042E-02  0.4378E-06 SHELL        103  -0.0%  0.4517E-06  0.2550E-03  0.1225E-12  0.2554E-03   0.000      0.1591E-03   0.000    
   13900  0.6086E-02  0.4378E-06 SHELL        103  -0.0%  0.4519E-06  0.2624E-03  0.1919E-12  0.2629E-03   0.000      0.1591E-03   0.000    
   14000  0.6130E-02  0.4378E-06 SHELL        115  -0.0%  0.4527E-06  0.2700E-03  0.8244E-12  0.2705E-03   0.000      0.1591E-03   0.000    
   14100  0.6173E-02  0.4378E-06 SHELL        115  -0.0%  0.4542E-06  0.2777E-03  0.2916E-11  0.2782E-03   0.000      0.1591E-03   0.000    
   14200  0.6217E-02  0.4378E-06 SHELL        103  -0.0%  0.4568E-06  0.2856E-03  0.7370E-11  0.2861E-03   0.000      0.1591E-03   0.000    
   14300  0.6261E-02  0.4378E-06 SHELL        103  -0.0%  0.4607E-06  0.2937E-03  0.1500E-10  0.2941E-03   0.000      0.1591E-03   0.000    
   14400  0.6305E-02  0.4378E-06 SHELL         95  -0.0%  0.4661E-06  0.3019E-03  0.2618E-10  0.3023E-03   0.000      0.1591E-03   0.000    
   14500  0.6348E-02  0.4378E-06 SHELL         95  -0.0%  0.4731E-06  0.3102E-03  0.4064E-10  0.3107E-03   0.000      0.1591E-03   0.000    
   14600  0.6392E-02  0.4378E-06 SHELL         95  -0.0%  0.4816E-06  0.3188E-03  0.5760E-10  0.3192E-03   0.000      0.1591E-03   0.000    
   14700  0.6436E-02  0.4378E-06 SHELL        103  -0.0%  0.4916E-06  0.3275E-03  0.7571E-10  0.3280E-03   0.000      0.1591E-03   0.000    
   14800  0.6480E-02  0.4378E-06 SHELL        115  -0.0%  0.5030E-06  0.3364E-03  0.9312E-10  0.3369E-03   0.000      0.1591E-03   0.000    
   14900  0.6524E-02  0.4378E-06 SHELL        115  -0.0%  0.5156E-06  0.3455E-03  0.1079E-09  0.3461E-03   0.000      0.1591E-03   0.000    
   15000  0.6567E-02  0.4378E-06 SHELL        103  -0.0%  0.5292E-06  0.3549E-03  0.1182E-09  0.3554E-03   0.000      0.1591E-03   0.000    
   15100  0.6611E-02  0.4378E-06 SHELL         95  -0.0%  0.5434E-06  0.3644E-03  0.1227E-09  0.3650E-03   0.000      0.1591E-03   0.000    
   15200  0.6655E-02  0.4378E-06 SHELL         95  -0.0%  0.5579E-06  0.3742E-03  0.1209E-09  0.3748E-03   0.000      0.1591E-03   0.000    
   15300  0.6699E-02  0.4378E-06 SHELL        123  -0.0%  0.5722E-06  0.3842E-03  0.1130E-09  0.3848E-03   0.000      0.1591E-03   0.000    
   15400  0.6743E-02  0.4378E-06 SHELL        123  -0.0%  0.5860E-06  0.3944E-03  0.9998E-10  0.3950E-03   0.000      0.1591E-03   0.000    
   15500  0.6786E-02  0.4378E-06 SHELL        123  -0.0%  0.5990E-06  0.4049E-03  0.8354E-10  0.4055E-03   0.000      0.1591E-03   0.000    
   15600  0.6830E-02  0.4378E-06 SHELL         95  -0.0%  0.6108E-06  0.4155E-03  0.6555E-10  0.4161E-03   0.000      0.1591E-03   0.000    
   15700  0.6874E-02  0.4378E-06 SHELL        123  -0.0%  0.6213E-06  0.4264E-03  0.4785E-10  0.4270E-03   0.000      0.1591E-03   0.000    
   15800  0.6918E-02  0.4378E-06 SHELL         95  -0.0%  0.6300E-06  0.4375E-03  0.3205E-10  0.4382E-03   0.000      0.1591E-03   0.000    
   15900  0.6961E-02  0.4378E-06 SHELL        123  -0.0%  0.6371E-06  0.4489E-03  0.1936E-10  0.4495E-03   0.000      0.1591E-03   0.000    
     ANIMATION FILE: challenge_dynaA008 WRITTEN
   16000  0.7005E-02  0.4378E-06 SHELL         95  -0.0%  0.6424E-06  0.4604E-03  0.1025E-10  0.4610E-03   0.000      0.1591E-03   0.000    
   16100  0.7049E-02  0.4378E-06 SHELL         95  -0.0%  0.6462E-06  0.4721E-03  0.4535E-11  0.4728E-03   0.000      0.1591E-03   0.000    
   16200  0.7093E-02  0.4378E-06 SHELL         95  -0.0%  0.6486E-06  0.4841E-03  0.1597E-11  0.4847E-03   0.000      0.1591E-03   0.000    
   16300  0.7137E-02  0.4378E-06 SHELL         95  -0.0%  0.6499E-06  0.4962E-03  0.4196E-12  0.4969E-03   0.000      0.1591E-03   0.000    
   16400  0.7180E-02  0.4378E-06 SHELL         95  -0.0%  0.6504E-06  0.5086E-03  0.6337E-13  0.5092E-03   0.000      0.1591E-03   0.000    
   CYCLE    TIME      TIME-STEP  ELEMENT          ERROR  I-ENERGY    K-ENERGY T  K-ENERGY R  EXT-WORK     MAS.ERR     TOTAL MASS  MASS ADDED
   16500  0.7224E-02  0.4378E-06 SHELL         95  -0.0%  0.6504E-06  0.5211E-03  0.3192E-14  0.5218E-03   0.000      0.1591E-03   0.000    
   16600  0.7268E-02  0.4378E-06 SHELL         95  -0.0%  0.6505E-06  0.5338E-03  0.2485E-13  0.5345E-03   0.000      0.1591E-03   0.000    
   16700  0.7312E-02  0.4378E-06 SHELL         95  -0.0%  0.6510E-06  0.5468E-03  0.3633E-12  0.5474E-03   0.000      0.1591E-03   0.000    
   16800  0.7355E-02  0.4378E-06 SHELL         95  -0.0%  0.6524E-06  0.5599E-03  0.1726E-11  0.5605E-03   0.000      0.1591E-03   0.000    
   16900  0.7399E-02  0.4378E-06 SHELL        103  -0.0%  0.6549E-06  0.5732E-03  0.4927E-11  0.5739E-03   0.000      0.1591E-03   0.000    
   17000  0.7443E-02  0.4378E-06 SHELL         95  -0.0%  0.6588E-06  0.5868E-03  0.1081E-10  0.5874E-03   0.000      0.1591E-03   0.000    
   17100  0.7487E-02  0.4378E-06 SHELL         95  -0.0%  0.6644E-06  0.6006E-03  0.2011E-10  0.6012E-03   0.000      0.1591E-03   0.000    
   17200  0.7531E-02  0.4378E-06 SHELL         95  -0.0%  0.6717E-06  0.6146E-03  0.3299E-10  0.6153E-03   0.000      0.1591E-03   0.000    
   17300  0.7574E-02  0.4378E-06 SHELL         95  -0.0%  0.6809E-06  0.6288E-03  0.4891E-10  0.6295E-03   0.000      0.1591E-03   0.000    
   17400  0.7618E-02  0.4378E-06 SHELL         95  -0.0%  0.6920E-06  0.6434E-03  0.6676E-10  0.6441E-03   0.000      0.1591E-03   0.000    
   17500  0.7662E-02  0.4378E-06 SHELL        123  -0.0%  0.7048E-06  0.6582E-03  0.8481E-10  0.6589E-03   0.000      0.1591E-03   0.000    
   17600  0.7706E-02  0.4378E-06 SHELL         95  -0.0%  0.7192E-06  0.6732E-03  0.1011E-09  0.6740E-03   0.000      0.1591E-03   0.000    
   17700  0.7750E-02  0.4378E-06 SHELL         95  -0.0%  0.7348E-06  0.6886E-03  0.1137E-09  0.6893E-03   0.000      0.1591E-03   0.000    
   17800  0.7793E-02  0.4378E-06 SHELL         95  -0.0%  0.7512E-06  0.7043E-03  0.1212E-09  0.7050E-03   0.000      0.1591E-03   0.000    
   17900  0.7837E-02  0.4378E-06 SHELL         95  -0.0%  0.7682E-06  0.7202E-03  0.1225E-09  0.7210E-03   0.000      0.1591E-03   0.000    
   18000  0.7881E-02  0.4378E-06 SHELL         95  -0.0%  0.7852E-06  0.7365E-03  0.1176E-09  0.7373E-03   0.000      0.1591E-03   0.000    
   18100  0.7925E-02  0.4378E-06 SHELL         95  -0.0%  0.8019E-06  0.7531E-03  0.1071E-09  0.7539E-03   0.000      0.1591E-03   0.000    
   18200  0.7968E-02  0.4378E-06 SHELL        123  -0.0%  0.8178E-06  0.7700E-03  0.9206E-10  0.7708E-03   0.000      0.1591E-03   0.000    
     ANIMATION FILE: challenge_dynaA009 WRITTEN
   18300  0.8012E-02  0.4378E-06 SHELL         95  -0.0%  0.8324E-06  0.7872E-03  0.7449E-10  0.7881E-03   0.000      0.1591E-03   0.000    
   18400  0.8056E-02  0.4378E-06 SHELL        123  -0.0%  0.8454E-06  0.8047E-03  0.5637E-10  0.8056E-03   0.000      0.1591E-03   0.000    
   18500  0.8100E-02  0.4378E-06 SHELL         95  -0.0%  0.8566E-06  0.8226E-03  0.3948E-10  0.8234E-03   0.000      0.1591E-03   0.000    
   18600  0.8144E-02  0.4378E-06 SHELL        123  -0.0%  0.8658E-06  0.8407E-03  0.2525E-10  0.8416E-03   0.000      0.1591E-03   0.000    
   18700  0.8187E-02  0.4378E-06 SHELL        123  -0.0%  0.8731E-06  0.8591E-03  0.1444E-10  0.8600E-03   0.000      0.1591E-03   0.000    
   18800  0.8231E-02  0.4378E-06 SHELL         95  -0.0%  0.8784E-06  0.8778E-03  0.7059E-11  0.8787E-03   0.000      0.1591E-03   0.000    
   18900  0.8275E-02  0.4378E-06 SHELL        123  -0.0%  0.8820E-06  0.8968E-03  0.2732E-11  0.8977E-03   0.000      0.1591E-03   0.000    
   19000  0.8319E-02  0.4378E-06 SHELL         95  -0.0%  0.8840E-06  0.9161E-03  0.7319E-12  0.9169E-03   0.000      0.1591E-03   0.000    
   19100  0.8362E-02  0.4378E-06 SHELL         95  -0.0%  0.8850E-06  0.9356E-03  0.9716E-13  0.9365E-03   0.000      0.1591E-03   0.000    
   19200  0.8406E-02  0.4378E-06 SHELL         95  -0.0%  0.8852E-06  0.9554E-03  0.4248E-13  0.9563E-03   0.000      0.1591E-03   0.000    
   19300  0.8450E-02  0.4378E-06 SHELL        123  -0.0%  0.8853E-06  0.9754E-03  0.1147E-12  0.9763E-03   0.000      0.1591E-03   0.000    
   19400  0.8494E-02  0.4378E-06 SHELL         95  -0.0%  0.8857E-06  0.9958E-03  0.2146E-12  0.9966E-03   0.000      0.1591E-03   0.000    
   19500  0.8538E-02  0.4378E-06 SHELL         95  -0.0%  0.8867E-06  0.1016E-02  0.8483E-12  0.1017E-02   0.000      0.1591E-03   0.000    
   19600  0.8581E-02  0.4378E-06 SHELL         95  -0.0%  0.8889E-06  0.1037E-02  0.2942E-11  0.1038E-02   0.000      0.1591E-03   0.000    
   19700  0.8625E-02  0.4378E-06 SHELL        123  -0.0%  0.8925E-06  0.1058E-02  0.7412E-11  0.1059E-02   0.000      0.1591E-03   0.000    
   19800  0.8669E-02  0.4378E-06 SHELL         95  -0.0%  0.8980E-06  0.1080E-02  0.1506E-10  0.1081E-02   0.000      0.1591E-03   0.000    
   19900  0.8713E-02  0.4378E-06 SHELL         95  -0.0%  0.9056E-06  0.1102E-02  0.2628E-10  0.1103E-02   0.000      0.1591E-03   0.000    
   20000  0.8757E-02  0.4378E-06 SHELL        123  -0.0%  0.9153E-06  0.1124E-02  0.4079E-10  0.1125E-02   0.000      0.1591E-03   0.000    
   20100  0.8800E-02  0.4378E-06 SHELL         95  -0.0%  0.9271E-06  0.1146E-02  0.5775E-10  0.1147E-02   0.000      0.1591E-03   0.000    
   20200  0.8844E-02  0.4378E-06 SHELL         95  -0.0%  0.9410E-06  0.1169E-02  0.7585E-10  0.1170E-02   0.000      0.1591E-03   0.000    
   20300  0.8888E-02  0.4378E-06 SHELL         95  -0.0%  0.9568E-06  0.1192E-02  0.9324E-10  0.1193E-02   0.000      0.1591E-03   0.000    
   20400  0.8932E-02  0.4378E-06 SHELL         95  -0.0%  0.9741E-06  0.1216E-02  0.1080E-09  0.1217E-02   0.000      0.1591E-03   0.000    
   20500  0.8975E-02  0.4378E-06 SHELL        123  -0.0%  0.9927E-06  0.1240E-02  0.1183E-09  0.1241E-02   0.000      0.1591E-03   0.000    
     ANIMATION FILE: challenge_dynaA010 WRITTEN
   20600  0.9019E-02  0.4378E-06 SHELL         95  -0.0%  0.1012E-05  0.1264E-02  0.1228E-09  0.1265E-02   0.000      0.1591E-03   0.000    
   20700  0.9063E-02  0.4378E-06 SHELL        123  -0.0%  0.1032E-05  0.1289E-02  0.1208E-09  0.1290E-02   0.000      0.1591E-03   0.000    
   20800  0.9107E-02  0.4378E-06 SHELL         95  -0.0%  0.1051E-05  0.1314E-02  0.1129E-09  0.1315E-02   0.000      0.1591E-03   0.000    
   20900  0.9151E-02  0.4378E-06 SHELL        123  -0.0%  0.1070E-05  0.1339E-02  0.9985E-10  0.1341E-02   0.000      0.1591E-03   0.000    
   21000  0.9194E-02  0.4378E-06 SHELL         95  -0.0%  0.1088E-05  0.1365E-02  0.8338E-10  0.1367E-02   0.000      0.1591E-03   0.000    
   21100  0.9238E-02  0.4378E-06 SHELL         95  -0.0%  0.1103E-05  0.1392E-02  0.6538E-10  0.1393E-02   0.000      0.1591E-03   0.000    
   21200  0.9282E-02  0.4378E-06 SHELL         95  -0.0%  0.1117E-05  0.1419E-02  0.4771E-10  0.1420E-02   0.000      0.1591E-03   0.000    
   21300  0.9326E-02  0.4378E-06 SHELL         95  -0.0%  0.1129E-05  0.1446E-02  0.3194E-10  0.1447E-02   0.000      0.1591E-03   0.000    
   21400  0.9369E-02  0.4378E-06 SHELL        123  -0.0%  0.1139E-05  0.1474E-02  0.1928E-10  0.1475E-02   0.000      0.1591E-03   0.000    
   21500  0.9413E-02  0.4378E-06 SHELL         95  -0.0%  0.1146E-05  0.1502E-02  0.1020E-10  0.1503E-02   0.000      0.1591E-03   0.000    
   21600  0.9457E-02  0.4378E-06 SHELL        123  -0.0%  0.1151E-05  0.1530E-02  0.4493E-11  0.1531E-02   0.000      0.1591E-03   0.000    
   21700  0.9501E-02  0.4378E-06 SHELL        123  -0.0%  0.1154E-05  0.1559E-02  0.1562E-11  0.1560E-02   0.000      0.1591E-03   0.000    
   21800  0.9545E-02  0.4378E-06 SHELL         95  -0.0%  0.1156E-05  0.1588E-02  0.4188E-12  0.1589E-02   0.000      0.1591E-03   0.000    
   21900  0.9588E-02  0.4378E-06 SHELL         95  -0.0%  0.1156E-05  0.1617E-02  0.8285E-13  0.1618E-02   0.000      0.1591E-03   0.000    
   CYCLE    TIME      TIME-STEP  ELEMENT          ERROR  I-ENERGY    K-ENERGY T  K-ENERGY R  EXT-WORK     MAS.ERR     TOTAL MASS  MASS ADDED
   22000  0.9632E-02  0.4378E-06 SHELL         95  -0.0%  0.1156E-05  0.1647E-02  0.8151E-14  0.1648E-02   0.000      0.1591E-03   0.000    
   22100  0.9676E-02  0.4378E-06 SHELL        123  -0.0%  0.1156E-05  0.1677E-02  0.2596E-13  0.1678E-02   0.000      0.1591E-03   0.000    
   22200  0.9720E-02  0.4378E-06 SHELL         95  -0.0%  0.1157E-05  0.1707E-02  0.3601E-12  0.1709E-02   0.000      0.1591E-03   0.000    
   22300  0.9764E-02  0.4378E-06 SHELL         95  -0.0%  0.1159E-05  0.1738E-02  0.1721E-11  0.1739E-02   0.000      0.1591E-03   0.000    
   22400  0.9807E-02  0.4378E-06 SHELL         95  -0.0%  0.1162E-05  0.1769E-02  0.4968E-11  0.1771E-02   0.000      0.1591E-03   0.000    
   22500  0.9851E-02  0.4378E-06 SHELL         95  -0.0%  0.1168E-05  0.1801E-02  0.1090E-10  0.1802E-02   0.000      0.1591E-03   0.000    
   22600  0.9895E-02  0.4378E-06 SHELL        123  -0.0%  0.1175E-05  0.1833E-02  0.2021E-10  0.1834E-02   0.000      0.1591E-03   0.000    
   22700  0.9939E-02  0.4378E-06 SHELL         95  -0.0%  0.1185E-05  0.1865E-02  0.3310E-10  0.1867E-02   0.000      0.1591E-03   0.000    
   22800  0.9982E-02  0.4378E-06 SHELL         95  -0.0%  0.1197E-05  0.1898E-02  0.4903E-10  0.1899E-02   0.000      0.1591E-03   0.000    

     RESTART FILES: challenge_dyna_0001_[0001-0001].rst WRITTEN
     -------------

     ANIMATION FILE: challenge_dynaA011 WRITTEN
  
                           ** CPU USER TIME **
  
  
                        ** SUMMARY **
  
 #PROC  ELEMENT   KINCOND   INTEG     IO        T0        ASM       RESOL    
   1   .3125E+00 .4688E-01 .1094E+00 .9375E-01 .2188E+00 .0000E+00 .1062E+01
  
 
                   ** CUMULATIVE CPU TIME SUMMARY **
  
 CONTACT SORTING.............: .0000E+00     0.00 % 
 CONTACT FORCES..............: .0000E+00     0.00 % 
 ELEMENT FORCES..............: .3125E+00    29.41 % 
 KINEMATIC COND..............: .4688E-01     4.41 % 
 INTEGRATION.................: .1094E+00    10.29 % 
 ASSEMBLING..................: .0000E+00     0.00 % 
 OTHERS (including I/O)......: .5938E+00    55.88 % 
 TOTAL.......................: .1062E+01   100.00 % 
  
  
                           ** ELAPSED TIME **
  
  
                        ** SUMMARY **
  
 #PROC  ELEMENT   KINCOND   INTEG     IO        T0        ASM       RESOL    
   1   .3983E+00 .7250E-01 .5830E-01 .1380E+00 .1802E+00 .1098E-01 .1066E+01
  
                   ** MEMORY USAGE STATISTICS **
  
 TOTAL MEMORY USED .........................:       46 MB
 MAXIMUM MEMORY PER PROCESSOR...............:       46 MB
 MINIMUM MEMORY PER PROCESSOR...............:       46 MB
 AVERAGE MEMORY PER PROCESSOR...............:       46 MB
  
                   ** DISK USAGE STATISTICS **
  
 TOTAL DISK SPACE USED .....................:          0 MB
 ANIMATION/H3D/TH/OUTP SIZE ................:          0 MB
 RESTART FILE SIZE .........................:          0 MB
  
                   ** COMPUTE TIME INFORMATION **
                        ** CURRENT ENGINE **
  
 EXECUTION STARTED .........................:      2026/04/18  22:22:31
 EXECUTION COMPLETED .......................:      2026/04/18  22:22:32
  
 ELAPSED TIME     =          1.10 s
                          0:00:01



     NORMAL TERMINATION      



     TOTAL NUMBER OF CYCLES  :   22842

  
                   ** COMPUTE RUNTIME INFORMATION SUMMARY **
  
        STARTER RUNTIME =          1.31s (00:00:01)
 # 001   ENGINE RUNTIME =          1.10s (00:00:01)
 ------------------------------ 
 STARTER+ENGINE RUNTIME =          2.41s (00:00:02)
  
