 challenge_0001.out
************************************************************************
**                                                                    **
**                                                                    **
**                         OpenRadioss Engine                         **
**                                                                    **
**            Non-linear Finite Element Analysis Software             **
**                                                                    **
**                                                                    **
**                                                                    **
**                  Windows 64 bits, Intel compiler                   **
**                      Double Precision Version                      **
**                                                                    **
**                                                                    **
**                                                                    **
************************************************************************
** OpenRadioss Software                                               **
** COPYRIGHT (C) 1986-2026 Altair Engineering, Inc.                   **
** Licensed under GNU Affero General Public License.                  **
** See License file.                                                  **
************************************************************************
 
 NUMBER OF SPMD DOMAINS           1
 NUMBER OF THREADS PER DOMAIN     1
 NUMBER OF HMPP PROCESSES         1
  
 COMPUTATION HARDWARE DESCRIPTION
  
 HOSTNAME     CPU TYPE, FREQUENCY AND MEMORY
 DESKTOP-WHL   11th Gen Intel(R) Core(TM) i7-11700 @ 2.50GHz (x86_64), 2500 MHz,  15349 MB RAM,  59279 MB swap
  
 STACKSIZE  . . . . . . . . . . . . . . . . . . . . 1430 MB
 THREAD STACKSIZE . . . . . . . . . . . . . . . . . 250 MB
 
************************************************************************


 challengeD01                                                                    


 FINAL TIME . . . . . . . . . . . . . . . . . . .  0.1000000E-01

 TIME INTERVAL FOR TIME HISTORY PLOTS . . . . . .  0.1000000E-03

 TIME STEP SCALE FACTOR . . . . . . . . . . . . .  0.9000000    

 MINIMUM TIME STEP  . . . . . . . . . . . . . . .   0.000000    


 BRICK TIME STEP SCALE FACTOR . . . . . . . . . .  0.9000000    
 BRICK MINIMUM TIME STEP. . . . . . . . . . . . .   0.000000    
 MIN. TIME STEP FLAG (1:STOP RUN, 2:DELETE BRICK)     1

 QUAD TIME STEP SCALE FACTOR. . . . . . . . . . .  0.9000000    
 QUAD MINIMUM TIME STEP . . . . . . . . . . . . .   0.000000    
 MIN. TIME STEP FLAG (1:STOP RUN, 2:DELETE QUAD).     1

 SHELL TIME STEP SCALE FACTOR . . . . . . . . . .  0.9000000    
 SHELL MINIMUM TIME STEP. . . . . . . . . . . . .   0.000000    
 MIN. TIME FLAG (1:STOP, 2:DELETE, 3:SMALL STRAIN)    2

 TRUSS TIME STEP SCALE FACTOR . . . . . . . . . .  0.9000000    
 TRUSS MINIMUM TIME STEP. . . . . . . . . . . . .   0.000000    
 MIN. TIME FLAG (1:STOP, 2:DELETE). . . . . . . .     0

 BEAM TIME STEP SCALE FACTOR. . . . . . . . . . .  0.9000000    
 BEAM MINIMUM TIME STEP . . . . . . . . . . . . .   0.000000    
 MIN. TIME FLAG (1:STOP, 2:DELETE). . . . . . . .     0

 SPRING TIME STEP SCALE FACTOR. . . . . . . . . .  0.9000000    
 SPRING MINIMUM TIME STEP . . . . . . . . . . . .   0.000000    
 MIN. TIME FLAG (1:STOP, 2:DELETE). . . . . . . .     0

 AIRBAG TIME STEP SCALE FACTOR. . . . . . . . . .  0.9000000    
 AIRBAG MINIMUM TIME STEP . . . . . . . . . . . .   0.000000    
 MIN. TIME FLAG (1:STOP). . . . . . . . . . . . .     0

 CONTACT TIME STEP SCALE FACTOR . . . . . . . . .  0.9000000    
 CONTACT MINIMUM TIME STEP. . . . . . . . . . . .   0.000000    
 MIN. TIME FLAG(1:STOP, 2:REMOVE NODE FROM INTERF)    0

 PRINTOUT CYCLE FREQUENCY . . . . . . . . . . . .  -100

 RESTART CYCLE FREQUENCY. . . . . . . . . . . . .   10000000

 MAXIMUM RESTART WRITE BEFORE OVERWRITE . . . . .     0

 INVERS: INPUT DECK VERSION . . . . . . . . . . .  2025
 ITTYP : FLAG FOR TYPE OF T-FILE. . . . . . . . .     4

 INITIAL TIME STEP. . . . . . . . . . . . . . . .   0.000000    
 MAXIMUM TIME STEP. . . . . . . . . . . . . . . .  0.1000000E+21

 PARALLEL ARITHMETIC ON
 NUMBER OF INTERFACES TO BE ELIMINATED. . . . . .        0

 NUMBER OF PARTS TO BE ELIMINATED . . . . . . . .        0

 NUMBER OF SOLID  ELEMENT BLOCKS TO BE ELIMINATED        0

 NUMBER OF QUAD   ELEMENT BLOCKS TO BE ELIMINATED        0

 NUMBER OF SHELL  ELEMENT BLOCKS TO BE ELIMINATED        0

 NUMBER OF TRUSS  ELEMENT BLOCKS TO BE ELIMINATED        0

 NUMBER OF BEAM   ELEMENT BLOCKS TO BE ELIMINATED        0

 NUMBER OF SPRING ELEMENT BLOCKS TO BE ELIMINATED        0

 NUMBER OF SH_3N  ELEMENT BLOCKS TO BE ELIMINATED        0

 NUMBER OF  SPH PARTICLES BLOCKS TO BE ELIMINATED        0

 NUMBER OF RIGID LINKS. . . . . . . . . . . . . .        0

 NUMBER OF NEW BOUNDARY CONDITIONS. . . . . . . .        0


 TIME FOR FIRST ANIMATION-FILE PLOT . . . . . . .   0.000000    
 TIME INTERVAL FOR ANIMATION-FILE PLOTS . . . . .  0.1000000E-02
 TIME TO STOP ANIMATION-FILE PLOTS. . . . . . . .  0.1000000E+21
 SENSOR FOR ANIMATION-FILE PLOTS. . . . . . . . .          0
 TIME INTERVAL FOR SENSOR ANIMATION-FILE PLOTS. .   0.000000    

 VARIABLE SAVED ON ANIMATION FILES (1: YES) :
      PLASTIC STRAIN. . . . . .     0
      DENSITY     (SOLID ONLY).     0
      SPECIFIC ENERGY . . . . .     0
      HOURGLASS ENERGY. . . . .     0
      TEMPERATURE (SOLID ONLY).     0
      THICKNESS   (SHELL ONLY).     0
      PRESSURE    (SOLID ONLY).     0
      VON MISES . . . . . . . .     0
      TURBULENT ENERGY (FLUID).     0
      TURBULENT VISCOSITY(FLUID)    0
      VORTICITY (FLUID) . . . .     0
 NODAL VALUES SAVED ON ANIMATION FILES (1: YES) :
      PRESSURE. . . . . . . . .     0
      DENSITY . . . . . . . . .     0
      TEMPERATURE . . . . . . .     0
 VECTOR SAVED ON ANIMATION FILES (1: YES) :
      VELOCITY VECTOR . . . . .     0
      DISPLACEMENT VECTOR . . .     1
      ACCELERATION VECTOR . . .     0
      CONTACT FORCES. . . . . .     0
      INTERNAL FORCES . . . . .     0
      EXTERNAL FORCES . . . . .     0
      SECTION RBY RWALL FORCES.     0
      ROTATIONAL VELOCITY VECTOR    0
      CONTACT PRESSURE (VECTORS)    0
 SHELL TENSOR SAVED ON ANIMATION FILES (1: YES) :
      MEMBRANE STRESS . . . . .     0
      BENDING STRESS(MOMENT/T^2)    0
      UPPER LAYER STRESS. . . .     0
      LOWER LAYER STRESS. . . .     0
      MEMBRANE STRAIN . . . . .     0
      CURVATURE . . . . . . . .     0
      UPPER LAYER STRAIN. . . .     0
      LOWER LAYER STRAIN. . . .     0
 NODAL MASS SAVED ON ANIMATION FILES (1: YES) :    0
 KEEP DELETED ELEMENT (1: YES) :    0


 
 CHECKSUM DIGESTS
 ----------------
 
 
 18/04/2026
   CYCLE    TIME      TIME-STEP  ELEMENT          ERROR  I-ENERGY    K-ENERGY T  K-ENERGY R  EXT-WORK     MAS.ERR     TOTAL MASS  MASS ADDED
       0   0.000      0.4281E-06 SHELL        210   0.0%   0.000       0.000       0.000       0.000       0.000      0.1591E-03   0.000    
     ANIMATION FILE: challengeA001 WRITTEN
     100  0.4281E-04  0.4281E-06 SHELL        210   0.0%   0.000       0.000       0.000       0.000       0.000      0.1591E-03   0.000    
     200  0.8561E-04  0.4281E-06 SHELL        210   0.0%   0.000       0.000       0.000       0.000       0.000      0.1591E-03   0.000    
     300  0.1284E-03  0.4281E-06 SHELL        210   0.0%   0.000       0.000       0.000       0.000       0.000      0.1591E-03   0.000    
     400  0.1712E-03  0.4281E-06 SHELL        210   0.0%   0.000       0.000       0.000       0.000       0.000      0.1591E-03   0.000    
     500  0.2140E-03  0.4281E-06 SHELL        210   0.0%   0.000       0.000       0.000       0.000       0.000      0.1591E-03   0.000    
     600  0.2568E-03  0.4281E-06 SHELL        210   0.0%   0.000       0.000       0.000       0.000       0.000      0.1591E-03   0.000    
     700  0.2996E-03  0.4281E-06 SHELL        210   0.0%   0.000       0.000       0.000       0.000       0.000      0.1591E-03   0.000    
     800  0.3424E-03  0.4281E-06 SHELL        210   0.0%   0.000       0.000       0.000       0.000       0.000      0.1591E-03   0.000    
     900  0.3853E-03  0.4281E-06 SHELL        210   0.0%   0.000       0.000       0.000       0.000       0.000      0.1591E-03   0.000    
    1000  0.4281E-03  0.4281E-06 SHELL        210   0.0%   0.000       0.000       0.000       0.000       0.000      0.1591E-03   0.000    
    1100  0.4709E-03  0.4281E-06 SHELL        210   0.0%   0.000       0.000       0.000       0.000       0.000      0.1591E-03   0.000    
    1200  0.5137E-03  0.4281E-06 SHELL        210   0.0%   0.000       0.000       0.000       0.000       0.000      0.1591E-03   0.000    
    1300  0.5565E-03  0.4281E-06 SHELL        210   0.0%   0.000       0.000       0.000       0.000       0.000      0.1591E-03   0.000    
    1400  0.5993E-03  0.4281E-06 SHELL        210   0.0%   0.000       0.000       0.000       0.000       0.000      0.1591E-03   0.000    
    1500  0.6421E-03  0.4281E-06 SHELL        210   0.0%   0.000       0.000       0.000       0.000       0.000      0.1591E-03   0.000    
    1600  0.6849E-03  0.4281E-06 SHELL        210   0.0%   0.000       0.000       0.000       0.000       0.000      0.1591E-03   0.000    
    1700  0.7277E-03  0.4281E-06 SHELL        210   0.0%   0.000       0.000       0.000       0.000       0.000      0.1591E-03   0.000    
    1800  0.7705E-03  0.4281E-06 SHELL        210   0.0%   0.000       0.000       0.000       0.000       0.000      0.1591E-03   0.000    
    1900  0.8133E-03  0.4281E-06 SHELL        210   0.0%   0.000       0.000       0.000       0.000       0.000      0.1591E-03   0.000    
    2000  0.8561E-03  0.4281E-06 SHELL        210   0.0%   0.000       0.000       0.000       0.000       0.000      0.1591E-03   0.000    
    2100  0.8989E-03  0.4281E-06 SHELL        210   0.0%   0.000       0.000       0.000       0.000       0.000      0.1591E-03   0.000    
    2200  0.9417E-03  0.4281E-06 SHELL        210   0.0%   0.000       0.000       0.000       0.000       0.000      0.1591E-03   0.000    
    2300  0.9845E-03  0.4281E-06 SHELL        210   0.0%   0.000       0.000       0.000       0.000       0.000      0.1591E-03   0.000    
     ANIMATION FILE: challengeA002 WRITTEN
    2400  0.1027E-02  0.4281E-06 SHELL        210   0.0%   0.000       0.000       0.000       0.000       0.000      0.1591E-03   0.000    
    2500  0.1070E-02  0.4281E-06 SHELL        210   0.0%   0.000       0.000       0.000       0.000       0.000      0.1591E-03   0.000    
    2600  0.1113E-02  0.4281E-06 SHELL        210   0.0%   0.000       0.000       0.000       0.000       0.000      0.1591E-03   0.000    
    2700  0.1156E-02  0.4281E-06 SHELL        210   0.0%   0.000       0.000       0.000       0.000       0.000      0.1591E-03   0.000    
    2800  0.1199E-02  0.4281E-06 SHELL        210   0.0%   0.000       0.000       0.000       0.000       0.000      0.1591E-03   0.000    
    2900  0.1241E-02  0.4281E-06 SHELL        210   0.0%   0.000       0.000       0.000       0.000       0.000      0.1591E-03   0.000    
    3000  0.1284E-02  0.4281E-06 SHELL        210   0.0%   0.000       0.000       0.000       0.000       0.000      0.1591E-03   0.000    
    3100  0.1327E-02  0.4281E-06 SHELL        210   0.0%   0.000       0.000       0.000       0.000       0.000      0.1591E-03   0.000    
    3200  0.1370E-02  0.4281E-06 SHELL        210   0.0%   0.000       0.000       0.000       0.000       0.000      0.1591E-03   0.000    
    3300  0.1413E-02  0.4281E-06 SHELL        210   0.0%   0.000       0.000       0.000       0.000       0.000      0.1591E-03   0.000    
    3400  0.1455E-02  0.4281E-06 SHELL        210   0.0%   0.000       0.000       0.000       0.000       0.000      0.1591E-03   0.000    
    3500  0.1498E-02  0.4281E-06 SHELL        210   0.0%   0.000       0.000       0.000       0.000       0.000      0.1591E-03   0.000    
    3600  0.1541E-02  0.4281E-06 SHELL        210   0.0%   0.000       0.000       0.000       0.000       0.000      0.1591E-03   0.000    
    3700  0.1584E-02  0.4281E-06 SHELL        210   0.0%   0.000       0.000       0.000       0.000       0.000      0.1591E-03   0.000    
    3800  0.1627E-02  0.4281E-06 SHELL        210   0.0%   0.000       0.000       0.000       0.000       0.000      0.1591E-03   0.000    
    3900  0.1669E-02  0.4281E-06 SHELL        210   0.0%   0.000       0.000       0.000       0.000       0.000      0.1591E-03   0.000    
    4000  0.1712E-02  0.4281E-06 SHELL        210   0.0%   0.000       0.000       0.000       0.000       0.000      0.1591E-03   0.000    
    4100  0.1755E-02  0.4281E-06 SHELL        210   0.0%   0.000       0.000       0.000       0.000       0.000      0.1591E-03   0.000    
    4200  0.1798E-02  0.4281E-06 SHELL        210   0.0%   0.000       0.000       0.000       0.000       0.000      0.1591E-03   0.000    
    4300  0.1841E-02  0.4281E-06 SHELL        210   0.0%   0.000       0.000       0.000       0.000       0.000      0.1591E-03   0.000    
    4400  0.1883E-02  0.4281E-06 SHELL        210   0.0%   0.000       0.000       0.000       0.000       0.000      0.1591E-03   0.000    
    4500  0.1926E-02  0.4281E-06 SHELL        210   0.0%   0.000       0.000       0.000       0.000       0.000      0.1591E-03   0.000    
    4600  0.1969E-02  0.4281E-06 SHELL        210   0.0%   0.000       0.000       0.000       0.000       0.000      0.1591E-03   0.000    
     ANIMATION FILE: challengeA003 WRITTEN
    4700  0.2012E-02  0.4281E-06 SHELL        210   0.0%   0.000       0.000       0.000       0.000       0.000      0.1591E-03   0.000    
    4800  0.2055E-02  0.4281E-06 SHELL        210   0.0%   0.000       0.000       0.000       0.000       0.000      0.1591E-03   0.000    
    4900  0.2097E-02  0.4281E-06 SHELL        210   0.0%   0.000       0.000       0.000       0.000       0.000      0.1591E-03   0.000    
    5000  0.2140E-02  0.4281E-06 SHELL        210   0.0%   0.000       0.000       0.000       0.000       0.000      0.1591E-03   0.000    
    5100  0.2183E-02  0.4281E-06 SHELL        210   0.0%   0.000       0.000       0.000       0.000       0.000      0.1591E-03   0.000    
    5200  0.2226E-02  0.4281E-06 SHELL        210   0.0%   0.000       0.000       0.000       0.000       0.000      0.1591E-03   0.000    
    5300  0.2269E-02  0.4281E-06 SHELL        210   0.0%   0.000       0.000       0.000       0.000       0.000      0.1591E-03   0.000    
    5400  0.2312E-02  0.4281E-06 SHELL        210   0.0%   0.000       0.000       0.000       0.000       0.000      0.1591E-03   0.000    
   CYCLE    TIME      TIME-STEP  ELEMENT          ERROR  I-ENERGY    K-ENERGY T  K-ENERGY R  EXT-WORK     MAS.ERR     TOTAL MASS  MASS ADDED
    5500  0.2354E-02  0.4281E-06 SHELL        210   0.0%   0.000       0.000       0.000       0.000       0.000      0.1591E-03   0.000    
    5600  0.2397E-02  0.4281E-06 SHELL        210   0.0%   0.000       0.000       0.000       0.000       0.000      0.1591E-03   0.000    
    5700  0.2440E-02  0.4281E-06 SHELL        210   0.0%   0.000       0.000       0.000       0.000       0.000      0.1591E-03   0.000    
    5800  0.2483E-02  0.4281E-06 SHELL        210   0.0%   0.000       0.000       0.000       0.000       0.000      0.1591E-03   0.000    
    5900  0.2526E-02  0.4281E-06 SHELL        210   0.0%   0.000       0.000       0.000       0.000       0.000      0.1591E-03   0.000    
    6000  0.2568E-02  0.4281E-06 SHELL        210   0.0%   0.000       0.000       0.000       0.000       0.000      0.1591E-03   0.000    
    6100  0.2611E-02  0.4281E-06 SHELL        210   0.0%   0.000       0.000       0.000       0.000       0.000      0.1591E-03   0.000    
    6200  0.2654E-02  0.4281E-06 SHELL        210   0.0%   0.000       0.000       0.000       0.000       0.000      0.1591E-03   0.000    
    6300  0.2697E-02  0.4281E-06 SHELL        210   0.0%   0.000       0.000       0.000       0.000       0.000      0.1591E-03   0.000    
    6400  0.2740E-02  0.4281E-06 SHELL        210   0.0%   0.000       0.000       0.000       0.000       0.000      0.1591E-03   0.000    
    6500  0.2782E-02  0.4281E-06 SHELL        210   0.0%   0.000       0.000       0.000       0.000       0.000      0.1591E-03   0.000    
    6600  0.2825E-02  0.4281E-06 SHELL        210   0.0%   0.000       0.000       0.000       0.000       0.000      0.1591E-03   0.000    
    6700  0.2868E-02  0.4281E-06 SHELL        210   0.0%   0.000       0.000       0.000       0.000       0.000      0.1591E-03   0.000    
    6800  0.2911E-02  0.4281E-06 SHELL        210   0.0%   0.000       0.000       0.000       0.000       0.000      0.1591E-03   0.000    
    6900  0.2954E-02  0.4281E-06 SHELL        210   0.0%   0.000       0.000       0.000       0.000       0.000      0.1591E-03   0.000    
    7000  0.2996E-02  0.4281E-06 SHELL        210   0.0%   0.000       0.000       0.000       0.000       0.000      0.1591E-03   0.000    
     ANIMATION FILE: challengeA004 WRITTEN
    7100  0.3039E-02  0.4281E-06 SHELL        210   0.0%   0.000       0.000       0.000       0.000       0.000      0.1591E-03   0.000    
    7200  0.3082E-02  0.4281E-06 SHELL        210   0.0%   0.000       0.000       0.000       0.000       0.000      0.1591E-03   0.000    
    7300  0.3125E-02  0.4281E-06 SHELL        210   0.0%   0.000       0.000       0.000       0.000       0.000      0.1591E-03   0.000    
    7400  0.3168E-02  0.4281E-06 SHELL        210   0.0%   0.000       0.000       0.000       0.000       0.000      0.1591E-03   0.000    
    7500  0.3210E-02  0.4281E-06 SHELL        210   0.0%   0.000       0.000       0.000       0.000       0.000      0.1591E-03   0.000    
    7600  0.3253E-02  0.4281E-06 SHELL        210   0.0%   0.000       0.000       0.000       0.000       0.000      0.1591E-03   0.000    
    7700  0.3296E-02  0.4281E-06 SHELL        210   0.0%   0.000       0.000       0.000       0.000       0.000      0.1591E-03   0.000    
    7800  0.3339E-02  0.4281E-06 SHELL        210   0.0%   0.000       0.000       0.000       0.000       0.000      0.1591E-03   0.000    
    7900  0.3382E-02  0.4281E-06 SHELL        210   0.0%   0.000       0.000       0.000       0.000       0.000      0.1591E-03   0.000    
    8000  0.3424E-02  0.4281E-06 SHELL        210   0.0%   0.000       0.000       0.000       0.000       0.000      0.1591E-03   0.000    
    8100  0.3467E-02  0.4281E-06 SHELL        210   0.0%   0.000       0.000       0.000       0.000       0.000      0.1591E-03   0.000    
    8200  0.3510E-02  0.4281E-06 SHELL        210   0.0%   0.000       0.000       0.000       0.000       0.000      0.1591E-03   0.000    
    8300  0.3553E-02  0.4281E-06 SHELL        210   0.0%   0.000       0.000       0.000       0.000       0.000      0.1591E-03   0.000    
    8400  0.3596E-02  0.4281E-06 SHELL        210   0.0%   0.000       0.000       0.000       0.000       0.000      0.1591E-03   0.000    
    8500  0.3639E-02  0.4281E-06 SHELL        210   0.0%   0.000       0.000       0.000       0.000       0.000      0.1591E-03   0.000    
    8600  0.3681E-02  0.4281E-06 SHELL        210   0.0%   0.000       0.000       0.000       0.000       0.000      0.1591E-03   0.000    
    8700  0.3724E-02  0.4281E-06 SHELL        210   0.0%   0.000       0.000       0.000       0.000       0.000      0.1591E-03   0.000    
    8800  0.3767E-02  0.4281E-06 SHELL        210   0.0%   0.000       0.000       0.000       0.000       0.000      0.1591E-03   0.000    
    8900  0.3810E-02  0.4281E-06 SHELL        210   0.0%   0.000       0.000       0.000       0.000       0.000      0.1591E-03   0.000    
    9000  0.3853E-02  0.4281E-06 SHELL        210   0.0%   0.000       0.000       0.000       0.000       0.000      0.1591E-03   0.000    
    9100  0.3895E-02  0.4281E-06 SHELL        210   0.0%   0.000       0.000       0.000       0.000       0.000      0.1591E-03   0.000    
    9200  0.3938E-02  0.4281E-06 SHELL        210   0.0%   0.000       0.000       0.000       0.000       0.000      0.1591E-03   0.000    
    9300  0.3981E-02  0.4281E-06 SHELL        210   0.0%   0.000       0.000       0.000       0.000       0.000      0.1591E-03   0.000    
     ANIMATION FILE: challengeA005 WRITTEN
    9400  0.4024E-02  0.4281E-06 SHELL        210   0.0%   0.000       0.000       0.000       0.000       0.000      0.1591E-03   0.000    
    9500  0.4067E-02  0.4281E-06 SHELL        210   0.0%   0.000       0.000       0.000       0.000       0.000      0.1591E-03   0.000    
    9600  0.4109E-02  0.4281E-06 SHELL        210   0.0%   0.000       0.000       0.000       0.000       0.000      0.1591E-03   0.000    
    9700  0.4152E-02  0.4281E-06 SHELL        210   0.0%   0.000       0.000       0.000       0.000       0.000      0.1591E-03   0.000    
    9800  0.4195E-02  0.4281E-06 SHELL        210   0.0%   0.000       0.000       0.000       0.000       0.000      0.1591E-03   0.000    
    9900  0.4238E-02  0.4281E-06 SHELL        210   0.0%   0.000       0.000       0.000       0.000       0.000      0.1591E-03   0.000    
   10000  0.4281E-02  0.4281E-06 SHELL        210   0.0%   0.000       0.000       0.000       0.000       0.000      0.1591E-03   0.000    
   10100  0.4323E-02  0.4281E-06 SHELL        210   0.0%   0.000       0.000       0.000       0.000       0.000      0.1591E-03   0.000    
   10200  0.4366E-02  0.4281E-06 SHELL        210   0.0%   0.000       0.000       0.000       0.000       0.000      0.1591E-03   0.000    
   10300  0.4409E-02  0.4281E-06 SHELL        210   0.0%   0.000       0.000       0.000       0.000       0.000      0.1591E-03   0.000    
   10400  0.4452E-02  0.4281E-06 SHELL        210   0.0%   0.000       0.000       0.000       0.000       0.000      0.1591E-03   0.000    
   10500  0.4495E-02  0.4281E-06 SHELL        210   0.0%   0.000       0.000       0.000       0.000       0.000      0.1591E-03   0.000    
   10600  0.4537E-02  0.4281E-06 SHELL        210   0.0%   0.000       0.000       0.000       0.000       0.000      0.1591E-03   0.000    
   10700  0.4580E-02  0.4281E-06 SHELL        210   0.0%   0.000       0.000       0.000       0.000       0.000      0.1591E-03   0.000    
   10800  0.4623E-02  0.4281E-06 SHELL        210   0.0%   0.000       0.000       0.000       0.000       0.000      0.1591E-03   0.000    
   10900  0.4666E-02  0.4281E-06 SHELL        210   0.0%   0.000       0.000       0.000       0.000       0.000      0.1591E-03   0.000    
   CYCLE    TIME      TIME-STEP  ELEMENT          ERROR  I-ENERGY    K-ENERGY T  K-ENERGY R  EXT-WORK     MAS.ERR     TOTAL MASS  MASS ADDED
   11000  0.4709E-02  0.4281E-06 SHELL        210   0.0%   0.000       0.000       0.000       0.000       0.000      0.1591E-03   0.000    
   11100  0.4751E-02  0.4281E-06 SHELL        210   0.0%   0.000       0.000       0.000       0.000       0.000      0.1591E-03   0.000    
   11200  0.4794E-02  0.4281E-06 SHELL        210   0.0%   0.000       0.000       0.000       0.000       0.000      0.1591E-03   0.000    
   11300  0.4837E-02  0.4281E-06 SHELL        210   0.0%   0.000       0.000       0.000       0.000       0.000      0.1591E-03   0.000    
   11400  0.4880E-02  0.4281E-06 SHELL        210   0.0%   0.000       0.000       0.000       0.000       0.000      0.1591E-03   0.000    
   11500  0.4923E-02  0.4281E-06 SHELL        210   0.0%   0.000       0.000       0.000       0.000       0.000      0.1591E-03   0.000    
   11600  0.4965E-02  0.4281E-06 SHELL        210   0.0%   0.000       0.000       0.000       0.000       0.000      0.1591E-03   0.000    
     ANIMATION FILE: challengeA006 WRITTEN
   11700  0.5008E-02  0.4281E-06 SHELL        210   0.0%   0.000       0.000       0.000       0.000       0.000      0.1591E-03   0.000    
   11800  0.5051E-02  0.4281E-06 SHELL        210   0.0%   0.000       0.000       0.000       0.000       0.000      0.1591E-03   0.000    
   11900  0.5094E-02  0.4281E-06 SHELL        210   0.0%   0.000       0.000       0.000       0.000       0.000      0.1591E-03   0.000    
   12000  0.5137E-02  0.4281E-06 SHELL        210   0.0%   0.000       0.000       0.000       0.000       0.000      0.1591E-03   0.000    
   12100  0.5180E-02  0.4281E-06 SHELL        210   0.0%   0.000       0.000       0.000       0.000       0.000      0.1591E-03   0.000    
   12200  0.5222E-02  0.4281E-06 SHELL        210   0.0%   0.000       0.000       0.000       0.000       0.000      0.1591E-03   0.000    
   12300  0.5265E-02  0.4281E-06 SHELL        210   0.0%   0.000       0.000       0.000       0.000       0.000      0.1591E-03   0.000    
   12400  0.5308E-02  0.4281E-06 SHELL        210   0.0%   0.000       0.000       0.000       0.000       0.000      0.1591E-03   0.000    
   12500  0.5351E-02  0.4281E-06 SHELL        210   0.0%   0.000       0.000       0.000       0.000       0.000      0.1591E-03   0.000    
   12600  0.5394E-02  0.4281E-06 SHELL        210   0.0%   0.000       0.000       0.000       0.000       0.000      0.1591E-03   0.000    
   12700  0.5436E-02  0.4281E-06 SHELL        210   0.0%   0.000       0.000       0.000       0.000       0.000      0.1591E-03   0.000    
   12800  0.5479E-02  0.4281E-06 SHELL        210   0.0%   0.000       0.000       0.000       0.000       0.000      0.1591E-03   0.000    
   12900  0.5522E-02  0.4281E-06 SHELL        210   0.0%   0.000       0.000       0.000       0.000       0.000      0.1591E-03   0.000    
   13000  0.5565E-02  0.4281E-06 SHELL        210   0.0%   0.000       0.000       0.000       0.000       0.000      0.1591E-03   0.000    
   13100  0.5608E-02  0.4281E-06 SHELL        210   0.0%   0.000       0.000       0.000       0.000       0.000      0.1591E-03   0.000    
   13200  0.5650E-02  0.4281E-06 SHELL        210   0.0%   0.000       0.000       0.000       0.000       0.000      0.1591E-03   0.000    
   13300  0.5693E-02  0.4281E-06 SHELL        210   0.0%   0.000       0.000       0.000       0.000       0.000      0.1591E-03   0.000    
   13400  0.5736E-02  0.4281E-06 SHELL        210   0.0%   0.000       0.000       0.000       0.000       0.000      0.1591E-03   0.000    
   13500  0.5779E-02  0.4281E-06 SHELL        210   0.0%   0.000       0.000       0.000       0.000       0.000      0.1591E-03   0.000    
   13600  0.5822E-02  0.4281E-06 SHELL        210   0.0%   0.000       0.000       0.000       0.000       0.000      0.1591E-03   0.000    
   13700  0.5864E-02  0.4281E-06 SHELL        210   0.0%   0.000       0.000       0.000       0.000       0.000      0.1591E-03   0.000    
   13800  0.5907E-02  0.4281E-06 SHELL        210   0.0%   0.000       0.000       0.000       0.000       0.000      0.1591E-03   0.000    
   13900  0.5950E-02  0.4281E-06 SHELL        210   0.0%   0.000       0.000       0.000       0.000       0.000      0.1591E-03   0.000    
   14000  0.5993E-02  0.4281E-06 SHELL        210   0.0%   0.000       0.000       0.000       0.000       0.000      0.1591E-03   0.000    
     ANIMATION FILE: challengeA007 WRITTEN
   14100  0.6036E-02  0.4281E-06 SHELL        210   0.0%   0.000       0.000       0.000       0.000       0.000      0.1591E-03   0.000    
   14200  0.6078E-02  0.4281E-06 SHELL        210   0.0%   0.000       0.000       0.000       0.000       0.000      0.1591E-03   0.000    
   14300  0.6121E-02  0.4281E-06 SHELL        210   0.0%   0.000       0.000       0.000       0.000       0.000      0.1591E-03   0.000    
   14400  0.6164E-02  0.4281E-06 SHELL        210   0.0%   0.000       0.000       0.000       0.000       0.000      0.1591E-03   0.000    
   14500  0.6207E-02  0.4281E-06 SHELL        210   0.0%   0.000       0.000       0.000       0.000       0.000      0.1591E-03   0.000    
   14600  0.6250E-02  0.4281E-06 SHELL        210   0.0%   0.000       0.000       0.000       0.000       0.000      0.1591E-03   0.000    
   14700  0.6292E-02  0.4281E-06 SHELL        210   0.0%   0.000       0.000       0.000       0.000       0.000      0.1591E-03   0.000    
   14800  0.6335E-02  0.4281E-06 SHELL        210   0.0%   0.000       0.000       0.000       0.000       0.000      0.1591E-03   0.000    
   14900  0.6378E-02  0.4281E-06 SHELL        210   0.0%   0.000       0.000       0.000       0.000       0.000      0.1591E-03   0.000    
   15000  0.6421E-02  0.4281E-06 SHELL        210   0.0%   0.000       0.000       0.000       0.000       0.000      0.1591E-03   0.000    
   15100  0.6464E-02  0.4281E-06 SHELL        210   0.0%   0.000       0.000       0.000       0.000       0.000      0.1591E-03   0.000    
   15200  0.6506E-02  0.4281E-06 SHELL        210   0.0%   0.000       0.000       0.000       0.000       0.000      0.1591E-03   0.000    
   15300  0.6549E-02  0.4281E-06 SHELL        210   0.0%   0.000       0.000       0.000       0.000       0.000      0.1591E-03   0.000    
   15400  0.6592E-02  0.4281E-06 SHELL        210   0.0%   0.000       0.000       0.000       0.000       0.000      0.1591E-03   0.000    
   15500  0.6635E-02  0.4281E-06 SHELL        210   0.0%   0.000       0.000       0.000       0.000       0.000      0.1591E-03   0.000    
   15600  0.6678E-02  0.4281E-06 SHELL        210   0.0%   0.000       0.000       0.000       0.000       0.000      0.1591E-03   0.000    
   15700  0.6721E-02  0.4281E-06 SHELL        210   0.0%   0.000       0.000       0.000       0.000       0.000      0.1591E-03   0.000    
   15800  0.6763E-02  0.4281E-06 SHELL        210   0.0%   0.000       0.000       0.000       0.000       0.000      0.1591E-03   0.000    
   15900  0.6806E-02  0.4281E-06 SHELL        210   0.0%   0.000       0.000       0.000       0.000       0.000      0.1591E-03   0.000    
   16000  0.6849E-02  0.4281E-06 SHELL        210   0.0%   0.000       0.000       0.000       0.000       0.000      0.1591E-03   0.000    
   16100  0.6892E-02  0.4281E-06 SHELL        210   0.0%   0.000       0.000       0.000       0.000       0.000      0.1591E-03   0.000    
   16200  0.6935E-02  0.4281E-06 SHELL        210   0.0%   0.000       0.000       0.000       0.000       0.000      0.1591E-03   0.000    
   16300  0.6977E-02  0.4281E-06 SHELL        210   0.0%   0.000       0.000       0.000       0.000       0.000      0.1591E-03   0.000    
     ANIMATION FILE: challengeA008 WRITTEN
   16400  0.7020E-02  0.4281E-06 SHELL        210   0.0%   0.000       0.000       0.000       0.000       0.000      0.1591E-03   0.000    
   CYCLE    TIME      TIME-STEP  ELEMENT          ERROR  I-ENERGY    K-ENERGY T  K-ENERGY R  EXT-WORK     MAS.ERR     TOTAL MASS  MASS ADDED
   16500  0.7063E-02  0.4281E-06 SHELL        210   0.0%   0.000       0.000       0.000       0.000       0.000      0.1591E-03   0.000    
   16600  0.7106E-02  0.4281E-06 SHELL        210   0.0%   0.000       0.000       0.000       0.000       0.000      0.1591E-03   0.000    
   16700  0.7149E-02  0.4281E-06 SHELL        210   0.0%   0.000       0.000       0.000       0.000       0.000      0.1591E-03   0.000    
   16800  0.7191E-02  0.4281E-06 SHELL        210   0.0%   0.000       0.000       0.000       0.000       0.000      0.1591E-03   0.000    
   16900  0.7234E-02  0.4281E-06 SHELL        210   0.0%   0.000       0.000       0.000       0.000       0.000      0.1591E-03   0.000    
   17000  0.7277E-02  0.4281E-06 SHELL        210   0.0%   0.000       0.000       0.000       0.000       0.000      0.1591E-03   0.000    
   17100  0.7320E-02  0.4281E-06 SHELL        210   0.0%   0.000       0.000       0.000       0.000       0.000      0.1591E-03   0.000    
   17200  0.7363E-02  0.4281E-06 SHELL        210   0.0%   0.000       0.000       0.000       0.000       0.000      0.1591E-03   0.000    
   17300  0.7405E-02  0.4281E-06 SHELL        210   0.0%   0.000       0.000       0.000       0.000       0.000      0.1591E-03   0.000    
   17400  0.7448E-02  0.4281E-06 SHELL        210   0.0%   0.000       0.000       0.000       0.000       0.000      0.1591E-03   0.000    
   17500  0.7491E-02  0.4281E-06 SHELL        210   0.0%   0.000       0.000       0.000       0.000       0.000      0.1591E-03   0.000    
   17600  0.7534E-02  0.4281E-06 SHELL        210   0.0%   0.000       0.000       0.000       0.000       0.000      0.1591E-03   0.000    
   17700  0.7577E-02  0.4281E-06 SHELL        210   0.0%   0.000       0.000       0.000       0.000       0.000      0.1591E-03   0.000    
   17800  0.7619E-02  0.4281E-06 SHELL        210   0.0%   0.000       0.000       0.000       0.000       0.000      0.1591E-03   0.000    
   17900  0.7662E-02  0.4281E-06 SHELL        210   0.0%   0.000       0.000       0.000       0.000       0.000      0.1591E-03   0.000    
   18000  0.7705E-02  0.4281E-06 SHELL        210   0.0%   0.000       0.000       0.000       0.000       0.000      0.1591E-03   0.000    
   18100  0.7748E-02  0.4281E-06 SHELL        210   0.0%   0.000       0.000       0.000       0.000       0.000      0.1591E-03   0.000    
   18200  0.7791E-02  0.4281E-06 SHELL        210   0.0%   0.000       0.000       0.000       0.000       0.000      0.1591E-03   0.000    
   18300  0.7833E-02  0.4281E-06 SHELL        210   0.0%   0.000       0.000       0.000       0.000       0.000      0.1591E-03   0.000    
   18400  0.7876E-02  0.4281E-06 SHELL        210   0.0%   0.000       0.000       0.000       0.000       0.000      0.1591E-03   0.000    
   18500  0.7919E-02  0.4281E-06 SHELL        210   0.0%   0.000       0.000       0.000       0.000       0.000      0.1591E-03   0.000    
   18600  0.7962E-02  0.4281E-06 SHELL        210   0.0%   0.000       0.000       0.000       0.000       0.000      0.1591E-03   0.000    
     ANIMATION FILE: challengeA009 WRITTEN
   18700  0.8005E-02  0.4281E-06 SHELL        210   0.0%   0.000       0.000       0.000       0.000       0.000      0.1591E-03   0.000    
   18800  0.8048E-02  0.4281E-06 SHELL        210   0.0%   0.000       0.000       0.000       0.000       0.000      0.1591E-03   0.000    
   18900  0.8090E-02  0.4281E-06 SHELL        210   0.0%   0.000       0.000       0.000       0.000       0.000      0.1591E-03   0.000    
   19000  0.8133E-02  0.4281E-06 SHELL        210   0.0%   0.000       0.000       0.000       0.000       0.000      0.1591E-03   0.000    
   19100  0.8176E-02  0.4281E-06 SHELL        210   0.0%   0.000       0.000       0.000       0.000       0.000      0.1591E-03   0.000    
   19200  0.8219E-02  0.4281E-06 SHELL        210   0.0%   0.000       0.000       0.000       0.000       0.000      0.1591E-03   0.000    
   19300  0.8262E-02  0.4281E-06 SHELL        210   0.0%   0.000       0.000       0.000       0.000       0.000      0.1591E-03   0.000    
   19400  0.8304E-02  0.4281E-06 SHELL        210   0.0%   0.000       0.000       0.000       0.000       0.000      0.1591E-03   0.000    
   19500  0.8347E-02  0.4281E-06 SHELL        210   0.0%   0.000       0.000       0.000       0.000       0.000      0.1591E-03   0.000    
   19600  0.8390E-02  0.4281E-06 SHELL        210   0.0%   0.000       0.000       0.000       0.000       0.000      0.1591E-03   0.000    
   19700  0.8433E-02  0.4281E-06 SHELL        210   0.0%   0.000       0.000       0.000       0.000       0.000      0.1591E-03   0.000    
   19800  0.8476E-02  0.4281E-06 SHELL        210   0.0%   0.000       0.000       0.000       0.000       0.000      0.1591E-03   0.000    
   19900  0.8518E-02  0.4281E-06 SHELL        210   0.0%   0.000       0.000       0.000       0.000       0.000      0.1591E-03   0.000    
   20000  0.8561E-02  0.4281E-06 SHELL        210   0.0%   0.000       0.000       0.000       0.000       0.000      0.1591E-03   0.000    
   20100  0.8604E-02  0.4281E-06 SHELL        210   0.0%   0.000       0.000       0.000       0.000       0.000      0.1591E-03   0.000    
   20200  0.8647E-02  0.4281E-06 SHELL        210   0.0%   0.000       0.000       0.000       0.000       0.000      0.1591E-03   0.000    
   20300  0.8690E-02  0.4281E-06 SHELL        210   0.0%   0.000       0.000       0.000       0.000       0.000      0.1591E-03   0.000    
   20400  0.8732E-02  0.4281E-06 SHELL        210   0.0%   0.000       0.000       0.000       0.000       0.000      0.1591E-03   0.000    
   20500  0.8775E-02  0.4281E-06 SHELL        210   0.0%   0.000       0.000       0.000       0.000       0.000      0.1591E-03   0.000    
   20600  0.8818E-02  0.4281E-06 SHELL        210   0.0%   0.000       0.000       0.000       0.000       0.000      0.1591E-03   0.000    
   20700  0.8861E-02  0.4281E-06 SHELL        210   0.0%   0.000       0.000       0.000       0.000       0.000      0.1591E-03   0.000    
   20800  0.8904E-02  0.4281E-06 SHELL        210   0.0%   0.000       0.000       0.000       0.000       0.000      0.1591E-03   0.000    
   20900  0.8946E-02  0.4281E-06 SHELL        210   0.0%   0.000       0.000       0.000       0.000       0.000      0.1591E-03   0.000    
   21000  0.8989E-02  0.4281E-06 SHELL        210   0.0%   0.000       0.000       0.000       0.000       0.000      0.1591E-03   0.000    
     ANIMATION FILE: challengeA010 WRITTEN
   21100  0.9032E-02  0.4281E-06 SHELL        210   0.0%   0.000       0.000       0.000       0.000       0.000      0.1591E-03   0.000    
   21200  0.9075E-02  0.4281E-06 SHELL        210   0.0%   0.000       0.000       0.000       0.000       0.000      0.1591E-03   0.000    
   21300  0.9118E-02  0.4281E-06 SHELL        210   0.0%   0.000       0.000       0.000       0.000       0.000      0.1591E-03   0.000    
   21400  0.9160E-02  0.4281E-06 SHELL        210   0.0%   0.000       0.000       0.000       0.000       0.000      0.1591E-03   0.000    
   21500  0.9203E-02  0.4281E-06 SHELL        210   0.0%   0.000       0.000       0.000       0.000       0.000      0.1591E-03   0.000    
   21600  0.9246E-02  0.4281E-06 SHELL        210   0.0%   0.000       0.000       0.000       0.000       0.000      0.1591E-03   0.000    
   21700  0.9289E-02  0.4281E-06 SHELL        210   0.0%   0.000       0.000       0.000       0.000       0.000      0.1591E-03   0.000    
   21800  0.9332E-02  0.4281E-06 SHELL        210   0.0%   0.000       0.000       0.000       0.000       0.000      0.1591E-03   0.000    
   21900  0.9374E-02  0.4281E-06 SHELL        210   0.0%   0.000       0.000       0.000       0.000       0.000      0.1591E-03   0.000    
   CYCLE    TIME      TIME-STEP  ELEMENT          ERROR  I-ENERGY    K-ENERGY T  K-ENERGY R  EXT-WORK     MAS.ERR     TOTAL MASS  MASS ADDED
   22000  0.9417E-02  0.4281E-06 SHELL        210   0.0%   0.000       0.000       0.000       0.000       0.000      0.1591E-03   0.000    
   22100  0.9460E-02  0.4281E-06 SHELL        210   0.0%   0.000       0.000       0.000       0.000       0.000      0.1591E-03   0.000    
   22200  0.9503E-02  0.4281E-06 SHELL        210   0.0%   0.000       0.000       0.000       0.000       0.000      0.1591E-03   0.000    
   22300  0.9546E-02  0.4281E-06 SHELL        210   0.0%   0.000       0.000       0.000       0.000       0.000      0.1591E-03   0.000    
   22400  0.9589E-02  0.4281E-06 SHELL        210   0.0%   0.000       0.000       0.000       0.000       0.000      0.1591E-03   0.000    
   22500  0.9631E-02  0.4281E-06 SHELL        210   0.0%   0.000       0.000       0.000       0.000       0.000      0.1591E-03   0.000    
   22600  0.9674E-02  0.4281E-06 SHELL        210   0.0%   0.000       0.000       0.000       0.000       0.000      0.1591E-03   0.000    
   22700  0.9717E-02  0.4281E-06 SHELL        210   0.0%   0.000       0.000       0.000       0.000       0.000      0.1591E-03   0.000    
   22800  0.9760E-02  0.4281E-06 SHELL        210   0.0%   0.000       0.000       0.000       0.000       0.000      0.1591E-03   0.000    
   22900  0.9803E-02  0.4281E-06 SHELL        210   0.0%   0.000       0.000       0.000       0.000       0.000      0.1591E-03   0.000    
   23000  0.9845E-02  0.4281E-06 SHELL        210   0.0%   0.000       0.000       0.000       0.000       0.000      0.1591E-03   0.000    
   23100  0.9888E-02  0.4281E-06 SHELL        210   0.0%   0.000       0.000       0.000       0.000       0.000      0.1591E-03   0.000    
   23200  0.9931E-02  0.4281E-06 SHELL        210   0.0%   0.000       0.000       0.000       0.000       0.000      0.1591E-03   0.000    
   23300  0.9974E-02  0.4281E-06 SHELL        210   0.0%   0.000       0.000       0.000       0.000       0.000      0.1591E-03   0.000    

     RESTART FILES: challenge_0001_[0001-0001].rst WRITTEN
     -------------

     ANIMATION FILE: challengeA011 WRITTEN
  
                           ** CPU USER TIME **
  
  
                        ** SUMMARY **
  
 #PROC  ELEMENT   KINCOND   INTEG     IO        T0        ASM       RESOL    
   1   .8281E+00 .4688E-01 .9375E-01 .1406E+00 .4688E-01 .6250E-01 .1562E+01
  
 
                   ** CUMULATIVE CPU TIME SUMMARY **
  
 CONTACT SORTING.............: .0000E+00     0.00 % 
 CONTACT FORCES..............: .0000E+00     0.00 % 
 ELEMENT FORCES..............: .8281E+00    53.00 % 
 KINEMATIC COND..............: .4688E-01     3.00 % 
 INTEGRATION.................: .9375E-01     6.00 % 
 ASSEMBLING..................: .6250E-01     4.00 % 
 OTHERS (including I/O)......: .5312E+00    34.00 % 
 TOTAL.......................: .1562E+01   100.00 % 
  
  
                           ** ELAPSED TIME **
  
  
                        ** SUMMARY **
  
 #PROC  ELEMENT   KINCOND   INTEG     IO        T0        ASM       RESOL    
   1   .8483E+00 .4291E-01 .6636E-01 .1571E+00 .1136E+00 .8863E-01 .1559E+01
  
                   ** MEMORY USAGE STATISTICS **
  
 TOTAL MEMORY USED .........................:       47 MB
 MAXIMUM MEMORY PER PROCESSOR...............:       47 MB
 MINIMUM MEMORY PER PROCESSOR...............:       47 MB
 AVERAGE MEMORY PER PROCESSOR...............:       47 MB
  
                   ** DISK USAGE STATISTICS **
  
 TOTAL DISK SPACE USED .....................:          0 MB
 ANIMATION/H3D/TH/OUTP SIZE ................:          0 MB
 RESTART FILE SIZE .........................:          0 MB
  
                   ** COMPUTE TIME INFORMATION **
                        ** CURRENT ENGINE **
  
 EXECUTION STARTED .........................:      2026/04/18  20:31:46
 EXECUTION COMPLETED .......................:      2026/04/18  20:31:47
  
 ELAPSED TIME     =          1.59 s
                          0:00:01



     NORMAL TERMINATION      



     TOTAL NUMBER OF CYCLES  :   23363

  
                   ** COMPUTE RUNTIME INFORMATION SUMMARY **
  
        STARTER RUNTIME =          0.91s (00:00:00)
 # 001   ENGINE RUNTIME =          1.59s (00:00:01)
 ------------------------------ 
 STARTER+ENGINE RUNTIME =          2.50s (00:00:02)
  
